Archive member included to satisfy reference by file (symbol)

c:/ac6/systemworkbench/plugins/fr.ac6.mcu.externaltools.arm-none.win32_1.17.0.201812190825/tools/compiler/bin/../lib/gcc/arm-none-eabi/7.3.1/thumb/v7-m\libgcc.a(_arm_addsubdf3.o)
                              src/ADC_Driver.o (__aeabi_dsub)
c:/ac6/systemworkbench/plugins/fr.ac6.mcu.externaltools.arm-none.win32_1.17.0.201812190825/tools/compiler/bin/../lib/gcc/arm-none-eabi/7.3.1/thumb/v7-m\libgcc.a(_arm_muldivdf3.o)
                              src/ADC_Driver.o (__aeabi_dmul)
c:/ac6/systemworkbench/plugins/fr.ac6.mcu.externaltools.arm-none.win32_1.17.0.201812190825/tools/compiler/bin/../lib/gcc/arm-none-eabi/7.3.1/thumb/v7-m\libgcc.a(_arm_truncdfsf2.o)
                              src/ADC_Driver.o (__aeabi_d2f)
c:/ac6/systemworkbench/plugins/fr.ac6.mcu.externaltools.arm-none.win32_1.17.0.201812190825/tools/compiler/bin/../lib/gcc/arm-none-eabi/7.3.1/thumb/v7-m\libgcc.a(_arm_addsubsf3.o)
                              src/ADC_Driver.o (__aeabi_fadd)
c:/ac6/systemworkbench/plugins/fr.ac6.mcu.externaltools.arm-none.win32_1.17.0.201812190825/tools/compiler/bin/../lib/gcc/arm-none-eabi/7.3.1/thumb/v7-m\libgcc.a(_arm_muldivsf3.o)
                              src/ADC_Driver.o (__aeabi_fmul)
c:/ac6/systemworkbench/plugins/fr.ac6.mcu.externaltools.arm-none.win32_1.17.0.201812190825/tools/compiler/bin/../lib/gcc/arm-none-eabi/7.3.1/../../../../arm-none-eabi/lib/thumb/v7-m\libc.a(lib_a-errno.o)
                              src/syscalls.o (__errno)
c:/ac6/systemworkbench/plugins/fr.ac6.mcu.externaltools.arm-none.win32_1.17.0.201812190825/tools/compiler/bin/../lib/gcc/arm-none-eabi/7.3.1/../../../../arm-none-eabi/lib/thumb/v7-m\libc.a(lib_a-exit.o)
                              c:/ac6/systemworkbench/plugins/fr.ac6.mcu.externaltools.arm-none.win32_1.17.0.201812190825/tools/compiler/bin/../lib/gcc/arm-none-eabi/7.3.1/../../../../arm-none-eabi/lib/thumb/v7-m/crt0.o (exit)
c:/ac6/systemworkbench/plugins/fr.ac6.mcu.externaltools.arm-none.win32_1.17.0.201812190825/tools/compiler/bin/../lib/gcc/arm-none-eabi/7.3.1/../../../../arm-none-eabi/lib/thumb/v7-m\libc.a(lib_a-impure.o)
                              c:/ac6/systemworkbench/plugins/fr.ac6.mcu.externaltools.arm-none.win32_1.17.0.201812190825/tools/compiler/bin/../lib/gcc/arm-none-eabi/7.3.1/../../../../arm-none-eabi/lib/thumb/v7-m\libc.a(lib_a-exit.o) (_global_impure_ptr)
c:/ac6/systemworkbench/plugins/fr.ac6.mcu.externaltools.arm-none.win32_1.17.0.201812190825/tools/compiler/bin/../lib/gcc/arm-none-eabi/7.3.1/../../../../arm-none-eabi/lib/thumb/v7-m\libc.a(lib_a-init.o)
                              c:/ac6/systemworkbench/plugins/fr.ac6.mcu.externaltools.arm-none.win32_1.17.0.201812190825/tools/compiler/bin/../lib/gcc/arm-none-eabi/7.3.1/../../../../arm-none-eabi/lib/thumb/v7-m/crt0.o (__libc_init_array)
c:/ac6/systemworkbench/plugins/fr.ac6.mcu.externaltools.arm-none.win32_1.17.0.201812190825/tools/compiler/bin/../lib/gcc/arm-none-eabi/7.3.1/../../../../arm-none-eabi/lib/thumb/v7-m\libc.a(lib_a-memset.o)
                              c:/ac6/systemworkbench/plugins/fr.ac6.mcu.externaltools.arm-none.win32_1.17.0.201812190825/tools/compiler/bin/../lib/gcc/arm-none-eabi/7.3.1/../../../../arm-none-eabi/lib/thumb/v7-m/crt0.o (memset)
c:/ac6/systemworkbench/plugins/fr.ac6.mcu.externaltools.arm-none.win32_1.17.0.201812190825/tools/compiler/bin/../lib/gcc/arm-none-eabi/7.3.1/../../../../arm-none-eabi/lib/thumb/v7-m\libc.a(lib_a-sprintf.o)
                              src/main.o (sprintf)
c:/ac6/systemworkbench/plugins/fr.ac6.mcu.externaltools.arm-none.win32_1.17.0.201812190825/tools/compiler/bin/../lib/gcc/arm-none-eabi/7.3.1/../../../../arm-none-eabi/lib/thumb/v7-m\libc.a(lib_a-strcat.o)
                              src/serverApi.o (strcat)
c:/ac6/systemworkbench/plugins/fr.ac6.mcu.externaltools.arm-none.win32_1.17.0.201812190825/tools/compiler/bin/../lib/gcc/arm-none-eabi/7.3.1/../../../../arm-none-eabi/lib/thumb/v7-m\libc.a(lib_a-strcmp.o)
                              src/serverApi.o (strcmp)
c:/ac6/systemworkbench/plugins/fr.ac6.mcu.externaltools.arm-none.win32_1.17.0.201812190825/tools/compiler/bin/../lib/gcc/arm-none-eabi/7.3.1/../../../../arm-none-eabi/lib/thumb/v7-m\libc.a(lib_a-strcpy.o)
                              c:/ac6/systemworkbench/plugins/fr.ac6.mcu.externaltools.arm-none.win32_1.17.0.201812190825/tools/compiler/bin/../lib/gcc/arm-none-eabi/7.3.1/../../../../arm-none-eabi/lib/thumb/v7-m\libc.a(lib_a-strcat.o) (strcpy)
c:/ac6/systemworkbench/plugins/fr.ac6.mcu.externaltools.arm-none.win32_1.17.0.201812190825/tools/compiler/bin/../lib/gcc/arm-none-eabi/7.3.1/../../../../arm-none-eabi/lib/thumb/v7-m\libc.a(lib_a-svfprintf.o)
                              c:/ac6/systemworkbench/plugins/fr.ac6.mcu.externaltools.arm-none.win32_1.17.0.201812190825/tools/compiler/bin/../lib/gcc/arm-none-eabi/7.3.1/../../../../arm-none-eabi/lib/thumb/v7-m\libc.a(lib_a-sprintf.o) (_svfprintf_r)
[...]
Memory Configuration

Name             Origin             Length             Attributes
RAM              0x20000000         0x00005000         xrw
ROM              0x08000000         0x00010000         xr
*default*        0x00000000         0xffffffff

Linker script and memory map

LOAD c:/ac6/systemworkbench/plugins/fr.ac6.mcu.externaltools.arm-none.win32_1.17.0.201812190825/tools/compiler/bin/../lib/gcc/arm-none-eabi/7.3.1/thumb/v7-m/crti.o
LOAD c:/ac6/systemworkbench/plugins/fr.ac6.mcu.externaltools.arm-none.win32_1.17.0.201812190825/tools/compiler/bin/../lib/gcc/arm-none-eabi/7.3.1/thumb/v7-m/crtbegin.o
LOAD c:/ac6/systemworkbench/plugins/fr.ac6.mcu.externaltools.arm-none.win32_1.17.0.201812190825/tools/compiler/bin/../lib/gcc/arm-none-eabi/7.3.1/../../../../arm-none-eabi/lib/thumb/v7-m/crt0.o
LOAD CMSIS/core/core_cm3.o
LOAD StdPeriph_Driver/src/misc.o
LOAD StdPeriph_Driver/src/stm32f10x_adc.o
LOAD StdPeriph_Driver/src/stm32f10x_bkp.o
LOAD StdPeriph_Driver/src/stm32f10x_can.o
LOAD StdPeriph_Driver/src/stm32f10x_cec.o
LOAD StdPeriph_Driver/src/stm32f10x_crc.o
LOAD StdPeriph_Driver/src/stm32f10x_dac.o
LOAD StdPeriph_Driver/src/stm32f10x_dbgmcu.o
LOAD StdPeriph_Driver/src/stm32f10x_dma.o
LOAD StdPeriph_Driver/src/stm32f10x_exti.o
LOAD StdPeriph_Driver/src/stm32f10x_flash.o
LOAD StdPeriph_Driver/src/stm32f10x_fsmc.o
LOAD StdPeriph_Driver/src/stm32f10x_gpio.o
LOAD StdPeriph_Driver/src/stm32f10x_i2c.o
LOAD StdPeriph_Driver/src/stm32f10x_iwdg.o
LOAD StdPeriph_Driver/src/stm32f10x_pwr.o
LOAD StdPeriph_Driver/src/stm32f10x_rcc.o
LOAD StdPeriph_Driver/src/stm32f10x_rtc.o
LOAD StdPeriph_Driver/src/stm32f10x_sdio.o
LOAD StdPeriph_Driver/src/stm32f10x_spi.o
LOAD StdPeriph_Driver/src/stm32f10x_tim.o
LOAD StdPeriph_Driver/src/stm32f10x_usart.o
LOAD StdPeriph_Driver/src/stm32f10x_wwdg.o
LOAD src/ADC_Driver.o
LOAD src/error.o
LOAD src/lcd.o
LOAD src/main.o
LOAD src/serverApi.o
LOAD src/syscalls.o
LOAD src/system_stm32f10x.o
LOAD src/timer.o
LOAD src/uart.o
LOAD startup/startup_stm32.o
LOAD c:/ac6/systemworkbench/plugins/fr.ac6.mcu.externaltools.arm-none.win32_1.17.0.201812190825/tools/compiler/bin/../lib/gcc/arm-none-eabi/7.3.1/../../../../arm-none-eabi/lib/thumb/v7-m\libm.a
START GROUP
LOAD c:/ac6/systemworkbench/plugins/fr.ac6.mcu.externaltools.arm-none.win32_1.17.0.201812190825/tools/compiler/bin/../lib/gcc/arm-none-eabi/7.3.1/thumb/v7-m\libgcc.a
LOAD c:/ac6/systemworkbench/plugins/fr.ac6.mcu.externaltools.arm-none.win32_1.17.0.201812190825/tools/compiler/bin/../lib/gcc/arm-none-eabi/7.3.1/../../../../arm-none-eabi/lib/thumb/v7-m\libc.a
END GROUP
LOAD c:/ac6/systemworkbench/plugins/fr.ac6.mcu.externaltools.arm-none.win32_1.17.0.201812190825/tools/compiler/bin/../lib/gcc/arm-none-eabi/7.3.1/thumb/v7-m/crtend.o
LOAD c:/ac6/systemworkbench/plugins/fr.ac6.mcu.externaltools.arm-none.win32_1.17.0.201812190825/tools/compiler/bin/../lib/gcc/arm-none-eabi/7.3.1/thumb/v7-m/crtn.o
                0x20005000                _estack = 0x20005000
                0x00000000                _Min_Heap_Size = 0x0
                0x00000400                _Min_Stack_Size = 0x400

.isr_vector     0x08000000      0x130
                0x08000000                . = ALIGN (0x4)
 *(.isr_vector)
 .isr_vector    0x08000000      0x130 startup/startup_stm32.o
                0x08000000                g_pfnVectors
                0x08000130                . = ALIGN (0x4)

.text           0x08000130     0x6fcc
                0x08000130                . = ALIGN (0x4)
 *(.text)
 .text          0x08000130       0x40 c:/ac6/systemworkbench/plugins/fr.ac6.mcu.externaltools.arm-none.win32_1.17.0.201812190825/tools/compiler/bin/../lib/gcc/arm-none-eabi/7.3.1/thumb/v7-m/crtbegin.o
 .text          0x08000170      0x378 c:/ac6/systemworkbench/plugins/fr.ac6.mcu.externaltools.arm-none.win32_1.17.0.201812190825/tools/compiler/bin/../lib/gcc/arm-none-eabi/7.3.1/thumb/v7-m\libgcc.a(_arm_addsubdf3.o)
                0x08000170                __aeabi_drsub
                0x08000178                __aeabi_dsub
                0x08000178                __subdf3
                0x0800017c                __aeabi_dadd
                0x0800017c                __adddf3
                0x080003f4                __floatunsidf
                0x080003f4                __aeabi_ui2d
                0x08000414                __floatsidf
                0x08000414                __aeabi_i2d
                0x08000438                __aeabi_f2d
                0x08000438                __extendsfdf2
                0x0800047c                __floatundidf
                0x0800047c                __aeabi_ul2d
                0x0800048c                __floatdidf
                0x0800048c                __aeabi_l2d
 .text          0x080004e8      0x424 c:/ac6/systemworkbench/plugins/fr.ac6.mcu.externaltools.arm-none.win32_1.17.0.201812190825/tools/compiler/bin/../lib/gcc/arm-none-eabi/7.3.1/thumb/v7-m\libgcc.a(_arm_muldivdf3.o)
                0x080004e8                __aeabi_dmul
                0x080004e8                __muldf3
                0x0800073c                __divdf3
                0x0800073c                __aeabi_ddiv
 .text          0x0800090c       0xa0 c:/ac6/systemworkbench/plugins/fr.ac6.mcu.externaltools.arm-none.win32_1.17.0.201812190825/tools/compiler/bin/../lib/gcc/arm-none-eabi/7.3.1/thumb/v7-m\libgcc.a(_arm_truncdfsf2.o)
                0x0800090c                __truncdfsf2
                0x0800090c                __aeabi_d2f
 .text          0x080009ac      0x21c c:/ac6/systemworkbench/plugins/fr.ac6.mcu.externaltools.arm-none.win32_1.17.0.201812190825/tools/compiler/bin/../lib/gcc/arm-none-eabi/7.3.1/thumb/v7-m\libgcc.a(_arm_addsubsf3.o)
                0x080009ac                __aeabi_frsub
                0x080009b4                __subsf3
                0x080009b4                __aeabi_fsub
                0x080009b8                __aeabi_fadd
                0x080009b8                __addsf3
                0x08000b18                __aeabi_ui2f
                0x08000b18                __floatunsisf
                0x08000b20                __aeabi_i2f
                0x08000b20                __floatsisf
                0x08000b3c                __aeabi_ul2f
                0x08000b3c                __floatundisf
                0x08000b4c                __aeabi_l2f
                0x08000b4c                __floatdisf
 .text          0x08000bc8      0x2a0 c:/ac6/systemworkbench/plugins/fr.ac6.mcu.externaltools.arm-none.win32_1.17.0.201812190825/tools/compiler/bin/../lib/gcc/arm-none-eabi/7.3.1/thumb/v7-m\libgcc.a(_arm_muldivsf3.o)
                0x08000bc8                __mulsf3
                0x08000bc8                __aeabi_fmul
                0x08000d30                __aeabi_fdiv
                0x08000d30                __divsf3
 .text          0x08000e68      0x1bc c:/ac6/systemworkbench/plugins/fr.ac6.mcu.externaltools.arm-none.win32_1.17.0.201812190825/tools/compiler/bin/../lib/gcc/arm-none-eabi/7.3.1/../../../../arm-none-eabi/lib/thumb/v7-m\libc.a(lib_a-strcmp.o)
                0x08000e68                strcmp
 .text          0x08001024       0xec c:/ac6/systemworkbench/plugins/fr.ac6.mcu.externaltools.arm-none.win32_1.17.0.201812190825/tools/compiler/bin/../lib/gcc/arm-none-eabi/7.3.1/../../../../arm-none-eabi/lib/thumb/v7-m\libc.a(lib_a-memcpy.o)
                0x08001024                memcpy
 .text          0x08001110      0x110 c:/ac6/systemworkbench/plugins/fr.ac6.mcu.externaltools.arm-none.win32_1.17.0.201812190825/tools/compiler/bin/../lib/gcc/arm-none-eabi/7.3.1/thumb/v7-m\libgcc.a(_arm_cmpdf2.o)
                0x08001110                __gtdf2
                0x08001110                __gedf2
                0x08001118                __ltdf2
                0x08001118                __ledf2
                0x08001120                __nedf2
                0x08001120                __eqdf2
                0x08001120                __cmpdf2
                0x0800119c                __aeabi_cdrcmple
                0x080011ac                __aeabi_cdcmpeq
                0x080011ac                __aeabi_cdcmple
                0x080011bc                __aeabi_dcmpeq
                0x080011d0                __aeabi_dcmplt
                0x080011e4                __aeabi_dcmple
                0x080011f8                __aeabi_dcmpge
                0x0800120c                __aeabi_dcmpgt
 .text          0x08001220       0x2c c:/ac6/systemworkbench/plugins/fr.ac6.mcu.externaltools.arm-none.win32_1.17.0.201812190825/tools/compiler/bin/../lib/gcc/arm-none-eabi/7.3.1/thumb/v7-m\libgcc.a(_arm_unorddf2.o)
                0x08001220                __unorddf2
                0x08001220                __aeabi_dcmpun
 .text          0x0800124c       0x50 c:/ac6/systemworkbench/plugins/fr.ac6.mcu.externaltools.arm-none.win32_1.17.0.201812190825/tools/compiler/bin/../lib/gcc/arm-none-eabi/7.3.1/thumb/v7-m\libgcc.a(_arm_fixdfsi.o)
                0x0800124c                __aeabi_d2iz
                0x0800124c                __fixdfsi
 .text          0x0800129c       0x30 c:/ac6/systemworkbench/plugins/fr.ac6.mcu.externaltools.arm-none.win32_1.17.0.201812190825/tools/compiler/bin/../lib/gcc/arm-none-eabi/7.3.1/thumb/v7-m\libgcc.a(_aeabi_uldivmod.o)
                0x0800129c                __aeabi_uldivmod
 .text          0x080012cc      0x2d0 c:/ac6/systemworkbench/plugins/fr.ac6.mcu.externaltools.arm-none.win32_1.17.0.201812190825/tools/compiler/bin/../lib/gcc/arm-none-eabi/7.3.1/thumb/v7-m\libgcc.a(_udivmoddi4.o)
                0x080012cc                __udivmoddi4
 .text          0x0800159c        0x4 c:/ac6/systemworkbench/plugins/fr.ac6.mcu.externaltools.arm-none.win32_1.17.0.201812190825/tools/compiler/bin/../lib/gcc/arm-none-eabi/7.3.1/thumb/v7-m\libgcc.a(_dvmd_tls.o)
                0x0800159c                __aeabi_idiv0
                0x0800159c                __aeabi_ldiv0
 *(.text*)
 .text.RCC_GetClocksFreq
                0x080015a0      0x160 StdPeriph_Driver/src/stm32f10x_rcc.o
                0x080015a0                RCC_GetClocksFreq
 .text.TIM_Cmd  0x08001700       0x3e StdPeriph_Driver/src/stm32f10x_tim.o
                0x08001700                TIM_Cmd
 *fill*         0x0800173e        0x2 
 .text.USART_Init
                0x08001740      0x174 StdPeriph_Driver/src/stm32f10x_usart.o
                0x08001740                USART_Init
 .text.USART_StructInit
                0x080018b4       0x38 StdPeriph_Driver/src/stm32f10x_usart.o
                0x080018b4                USART_StructInit
 .text.USART_Cmd
                0x080018ec       0x3e StdPeriph_Driver/src/stm32f10x_usart.o
                0x080018ec                USART_Cmd
 .text.USART_SendData
                0x0800192a       0x22 StdPeriph_Driver/src/stm32f10x_usart.o
                0x0800192a                USART_SendData
 .text.USART_ReceiveData
                0x0800194c       0x1e StdPeriph_Driver/src/stm32f10x_usart.o
                0x0800194c                USART_ReceiveData
 .text.USART_GetFlagStatus
                0x0800196a       0x36 StdPeriph_Driver/src/stm32f10x_usart.o
                0x0800196a                USART_GetFlagStatus
 .text.USART_ClearFlag
                0x080019a0       0x20 StdPeriph_Driver/src/stm32f10x_usart.o
                0x080019a0                USART_ClearFlag
 .text.adcInit  0x080019c0        0xc src/ADC_Driver.o
                0x080019c0                adcInit
 .text.adcCalibration
                0x080019cc       0x94 src/ADC_Driver.o
                0x080019cc                adcCalibration
 .text.adc1Init
                0x08001a60       0xa0 src/ADC_Driver.o
                0x08001a60                adc1Init
 .text.adc1StartConversion
                0x08001b00       0x1c src/ADC_Driver.o
                0x08001b00                adc1StartConversion
 *fill*         0x08001b1c        0x4 
 .text.get_Temperature
                0x08001b20       0x8c src/ADC_Driver.o
                0x08001b20                get_Temperature
 .text.lcdInit  0x08001bac       0x6c src/lcd.o
                0x08001bac                lcdInit
 .text.lcdCursorSet
                0x08001c18       0x42 src/lcd.o
                0x08001c18                lcdCursorSet
 .text.clearLcd
                0x08001c5a       0x20 src/lcd.o
                0x08001c5a                clearLcd
 .text.lcd_send_string
                0x08001c7a       0x2e src/lcd.o
                0x08001c7a                lcd_send_string
 .text.sendLcdCmd
                0x08001ca8       0x54 src/lcd.o
                0x08001ca8                sendLcdCmd
 .text.sendLcdData
                0x08001cfc       0x54 src/lcd.o
                0x08001cfc                sendLcdData
 .text.lcdCmdWrite
                0x08001d50       0x50 src/lcd.o
                0x08001d50                lcdCmdWrite
 .text.lcdDataWrite
                0x08001da0       0x50 src/lcd.o
                0x08001da0                lcdDataWrite
 .text.loadLcdReg
                0x08001df0       0x38 src/lcd.o
                0x08001df0                loadLcdReg
 .text.lcdtimerInit
                0x08001e28       0x40 src/lcd.o
                0x08001e28                lcdtimerInit
 .text.lcd_usDelay
                0x08001e68       0x2c src/lcd.o
                0x08001e68                lcd_usDelay
 .text.lcd_msDelay
                0x08001e94       0x26 src/lcd.o
                0x08001e94                lcd_msDelay
 *fill*         0x08001eba        0x2 
 .text.main     0x08001ebc      0x124 src/main.o
                0x08001ebc                main
 .text.systemClockInit
                0x08001fe0      0x140 src/main.o
                0x08001fe0                systemClockInit
 .text.gpioInit
                0x08002120      0x124 src/main.o
                0x08002120                gpioInit
 .text.dmaInit  0x08002244       0x70 src/main.o
                0x08002244                dmaInit
 .text.Get_AverageAdcVal
                0x080022b4       0xe4 src/main.o
                0x080022b4                Get_AverageAdcVal
 .text.ToggleLed
                0x08002398       0x1c src/main.o
                0x08002398                ToggleLed
 .text.PowerOnLed
                0x080023b4       0x1c src/main.o
                0x080023b4                PowerOnLed
 .text.systemResponseCheck
                0x080023d0       0x38 src/serverApi.o
                0x080023d0                systemResponseCheck
 .text.commandConcat
                0x08002408       0x24 src/serverApi.o
                0x08002408                commandConcat
 .text.resetBuffer
                0x0800242c       0x32 src/serverApi.o
                0x0800242c                resetBuffer
 .text.searchStringFunc
                0x0800245e       0xd2 src/serverApi.o
                0x0800245e                searchStringFunc
 .text.saveKey_Val
                0x08002530       0x82 src/serverApi.o
                0x08002530                saveKey_Val
 *fill*         0x080025b2        0x2 
 .text.startGprs
                0x080025b4      0x15c src/serverApi.o
                0x080025b4                startGprs
 .text.sendData_toServer
                0x08002710       0xfc src/serverApi.o
                0x08002710                sendData_toServer
 .text._sbrk    0x0800280c       0x58 src/syscalls.o
                0x0800280c                _sbrk
 .text.SystemInit
                0x08002864       0x68 src/system_stm32f10x.o
                0x08002864                SystemInit
 .text.SystemCoreClockUpdate
                0x080028cc       0xd8 src/system_stm32f10x.o
                0x080028cc                SystemCoreClockUpdate
 .text.SetSysClock
                0x080029a4        0xc src/system_stm32f10x.o
 .text.SetSysClockTo72
                0x080029b0      0x100 src/system_stm32f10x.o
 .text.NVIC_EnableIRQ
                0x08002ab0       0x30 src/timer.o
 .text.timerInit
                0x08002ae0       0x8c src/timer.o
                0x08002ae0                timerInit
 .text.TIM2_IRQHandler
                0x08002b6c       0x50 src/timer.o
                0x08002b6c                TIM2_IRQHandler
 .text.timer4ON
                0x08002bbc       0x14 src/timer.o
                0x08002bbc                timer4ON
 .text.timer4OFF
                0x08002bd0       0x14 src/timer.o
                0x08002bd0                timer4OFF
 .text.delay_in_sec
                0x08002be4       0x6c src/timer.o
                0x08002be4                delay_in_sec
 .text.delay_in_ms
                0x08002c50       0x60 src/timer.o
                0x08002c50                delay_in_ms
 .text.uartInit
                0x08002cb0       0x40 src/uart.o
                0x08002cb0                uartInit
 .text.changeBaud
                0x08002cf0       0x20 src/uart.o
                0x08002cf0                changeBaud
 .text.uartSendData
                0x08002d10       0x78 src/uart.o
                0x08002d10                uartSendData
 .text.uartReceiveData
                0x08002d88       0xb8 src/uart.o
                0x08002d88                uartReceiveData
 .text.Reset_Handler
                0x08002e40       0x50 startup/startup_stm32.o
                0x08002e40                Reset_Handler
 .text.Default_Handler
                0x08002e90        0x2 startup/startup_stm32.o
                0x08002e90                EXTI2_IRQHandler
                0x08002e90                TIM8_TRG_COM_IRQHandler
                0x08002e90                TIM8_CC_IRQHandler
                0x08002e90                DebugMon_Handler
                0x08002e90                TIM1_CC_IRQHandler
                0x08002e90                HardFault_Handler
                0x08002e90                TIM6_IRQHandler
                0x08002e90                SysTick_Handler
                0x08002e90                PVD_IRQHandler
                0x08002e90                SDIO_IRQHandler
                0x08002e90                PendSV_Handler
                0x08002e90                NMI_Handler
                0x08002e90                EXTI3_IRQHandler
                0x08002e90                USB_HP_CAN_TX_IRQHandler
                0x08002e90                EXTI0_IRQHandler
                0x08002e90                I2C2_EV_IRQHandler
                0x08002e90                UsageFault_Handler
                0x08002e90                ADC1_2_IRQHandler
                0x08002e90                SPI1_IRQHandler
                0x08002e90                CAN_SCE_IRQHandler
                0x08002e90                TAMPER_IRQHandler
                0x08002e90                TIM8_UP_IRQHandler
                0x08002e90                DMA2_Channel2_IRQHandler
                0x08002e90                DMA1_Channel4_IRQHandler
                0x08002e90                USART3_IRQHandler
                0x08002e90                RTC_IRQHandler
                0x08002e90                DMA1_Channel7_IRQHandler
                0x08002e90                UART5_IRQHandler
                0x08002e90                ADC3_IRQHandler
                0x08002e90                TIM4_IRQHandler
                0x08002e90                CAN_RX1_IRQHandler
                0x08002e90                DMA2_Channel1_IRQHandler
                0x08002e90                I2C1_EV_IRQHandler
                0x08002e90                DMA1_Channel6_IRQHandler
                0x08002e90                UART4_IRQHandler
                0x08002e90                TIM3_IRQHandler
                0x08002e90                RCC_IRQHandler
                0x08002e90                TIM1_TRG_COM_IRQHandler
                0x08002e90                DMA1_Channel1_IRQHandler
                0x08002e90                Default_Handler
                0x08002e90                EXTI15_10_IRQHandler
                0x08002e90                TIM7_IRQHandler
                0x08002e90                TIM5_IRQHandler
                0x08002e90                EXTI9_5_IRQHandler
                0x08002e90                SPI2_IRQHandler
                0x08002e90                USB_LP_CAN_RX0_IRQHandler
                0x08002e90                MemManage_Handler
                0x08002e90                SVC_Handler
                0x08002e90                DMA1_Channel5_IRQHandler
                0x08002e90                EXTI4_IRQHandler
                0x08002e90                DMA1_Channel3_IRQHandler
                0x08002e90                FSMC_IRQHandler
                0x08002e90                TIM1_UP_IRQHandler
                0x08002e90                WWDG_IRQHandler
                0x08002e90                TIM1_BRK_IRQHandler
                0x08002e90                EXTI1_IRQHandler
                0x08002e90                RTCAlarm_IRQHandler
                0x08002e90                DMA2_Channel4_5_IRQHandler
                0x08002e90                USART2_IRQHandler
                0x08002e90                I2C2_ER_IRQHandler
                0x08002e90                DMA1_Channel2_IRQHandler
                0x08002e90                TIM8_BRK_IRQHandler
                0x08002e90                FLASH_IRQHandler
                0x08002e90                BusFault_Handler
                0x08002e90                USART1_IRQHandler
                0x08002e90                SPI3_IRQHandler
                0x08002e90                I2C1_ER_IRQHandler
                0x08002e90                DMA2_Channel3_IRQHandler
 *fill*         0x08002e92        0x2 
 .text.__errno  0x08002e94        0xc c:/ac6/systemworkbench/plugins/fr.ac6.mcu.externaltools.arm-none.win32_1.17.0.201812190825/tools/compiler/bin/../lib/gcc/arm-none-eabi/7.3.1/../../../../arm-none-eabi/lib/thumb/v7-m\libc.a(lib_a-errno.o)
                0x08002e94                __errno
 .text.__libc_init_array
                0x08002ea0       0x48 c:/ac6/systemworkbench/plugins/fr.ac6.mcu.externaltools.arm-none.win32_1.17.0.201812190825/tools/compiler/bin/../lib/gcc/arm-none-eabi/7.3.1/../../../../arm-none-eabi/lib/thumb/v7-m\libc.a(lib_a-init.o)
                0x08002ea0                __libc_init_array
 .text.memset   0x08002ee8       0x94 c:/ac6/systemworkbench/plugins/fr.ac6.mcu.externaltools.arm-none.win32_1.17.0.201812190825/tools/compiler/bin/../lib/gcc/arm-none-eabi/7.3.1/../../../../arm-none-eabi/lib/thumb/v7-m\libc.a(lib_a-memset.o)
                0x08002ee8                memset
 .text.sprintf  0x08002f7c       0x44 c:/ac6/systemworkbench/plugins/fr.ac6.mcu.externaltools.arm-none.win32_1.17.0.201812190825/tools/compiler/bin/../lib/gcc/arm-none-eabi/7.3.1/../../../../arm-none-eabi/lib/thumb/v7-m\libc.a(lib_a-sprintf.o)
                0x08002f7c                sprintf
 .text.strcat   0x08002fc0       0x40 c:/ac6/systemworkbench/plugins/fr.ac6.mcu.externaltools.arm-none.win32_1.17.0.201812190825/tools/compiler/bin/../lib/gcc/arm-none-eabi/7.3.1/../../../../arm-none-eabi/lib/thumb/v7-m\libc.a(lib_a-strcat.o)
                0x08002fc0                strcat
 .text.strcpy   0x08003000       0xbc c:/ac6/systemworkbench/plugins/fr.ac6.mcu.externaltools.arm-none.win32_1.17.0.201812190825/tools/compiler/bin/../lib/gcc/arm-none-eabi/7.3.1/../../../../arm-none-eabi/lib/thumb/v7-m\libc.a(lib_a-strcpy.o)
                0x08003000                strcpy
 .text._svfprintf_r
                0x080030bc     0x1a04 c:/ac6/systemworkbench/plugins/fr.ac6.mcu.externaltools.arm-none.win32_1.17.0.201812190825/tools/compiler/bin/../lib/gcc/arm-none-eabi/7.3.1/../../../../arm-none-eabi/lib/thumb/v7-m\libc.a(lib_a-svfprintf.o)
                0x080030bc                _svfprintf_r
 .text.startup.register_fini
                0x08004ac0       0x14 c:/ac6/systemworkbench/plugins/fr.ac6.mcu.externaltools.arm-none.win32_1.17.0.201812190825/tools/compiler/bin/../lib/gcc/arm-none-eabi/7.3.1/../../../../arm-none-eabi/lib/thumb/v7-m\libc.a(lib_a-__call_atexit.o)
 .text.atexit   0x08004ad4        0xc c:/ac6/systemworkbench/plugins/fr.ac6.mcu.externaltools.arm-none.win32_1.17.0.201812190825/tools/compiler/bin/../lib/gcc/arm-none-eabi/7.3.1/../../../../arm-none-eabi/lib/thumb/v7-m\libc.a(lib_a-atexit.o)
                0x08004ad4                atexit
 .text.quorem   0x08004ae0      0x124 c:/ac6/systemworkbench/plugins/fr.ac6.mcu.externaltools.arm-none.win32_1.17.0.201812190825/tools/compiler/bin/../lib/gcc/arm-none-eabi/7.3.1/../../../../arm-none-eabi/lib/thumb/v7-m\libc.a(lib_a-dtoa.o)
 *fill*         0x08004c04        0x4 
 .text._dtoa_r  0x08004c08      0xe30 c:/ac6/systemworkbench/plugins/fr.ac6.mcu.externaltools.arm-none.win32_1.17.0.201812190825/tools/compiler/bin/../lib/gcc/arm-none-eabi/7.3.1/../../../../arm-none-eabi/lib/thumb/v7-m\libc.a(lib_a-dtoa.o)
                0x08004c08                _dtoa_r
 .text.__libc_fini_array
                0x08005a38       0x34 c:/ac6/systemworkbench/plugins/fr.ac6.mcu.externaltools.arm-none.win32_1.17.0.201812190825/tools/compiler/bin/../lib/gcc/arm-none-eabi/7.3.1/../../../../arm-none-eabi/lib/thumb/v7-m\libc.a(lib_a-fini.o)
                0x08005a38                __libc_fini_array
 .text._malloc_trim_r
                0x08005a6c       0xa0 c:/ac6/systemworkbench/plugins/fr.ac6.mcu.externaltools.arm-none.win32_1.17.0.201812190825/tools/compiler/bin/../lib/gcc/arm-none-eabi/7.3.1/../../../../arm-none-eabi/lib/thumb/v7-m\libc.a(lib_a-freer.o)
                0x08005a6c                _malloc_trim_r
 .text._free_r  0x08005b0c      0x1e8 c:/ac6/systemworkbench/plugins/fr.ac6.mcu.externaltools.arm-none.win32_1.17.0.201812190825/tools/compiler/bin/../lib/gcc/arm-none-eabi/7.3.1/../../../../arm-none-eabi/lib/thumb/v7-m\libc.a(lib_a-freer.o)
                0x08005b0c                _free_r
 .text._localeconv_r
                0x08005cf4       0x1c c:/ac6/systemworkbench/plugins/fr.ac6.mcu.externaltools.arm-none.win32_1.17.0.201812190825/tools/compiler/bin/../lib/gcc/arm-none-eabi/7.3.1/../../../../arm-none-eabi/lib/thumb/v7-m\libc.a(lib_a-localeconv.o)
                0x08005cf4                _localeconv_r
 .text.__retarget_lock_acquire_recursive
                0x08005d10        0x4 c:/ac6/systemworkbench/plugins/fr.ac6.mcu.externaltools.arm-none.win32_1.17.0.201812190825/tools/compiler/bin/../lib/gcc/arm-none-eabi/7.3.1/../../../../arm-none-eabi/lib/thumb/v7-m\libc.a(lib_a-lock.o)
                0x08005d10                __retarget_lock_acquire_recursive
 .text.__retarget_lock_release_recursive
                0x08005d14        0x4 c:/ac6/systemworkbench/plugins/fr.ac6.mcu.externaltools.arm-none.win32_1.17.0.201812190825/tools/compiler/bin/../lib/gcc/arm-none-eabi/7.3.1/../../../../arm-none-eabi/lib/thumb/v7-m\libc.a(lib_a-lock.o)
                0x08005d14                __retarget_lock_release_recursive
 .text._malloc_r
                0x08005d18      0x524 c:/ac6/systemworkbench/plugins/fr.ac6.mcu.externaltools.arm-none.win32_1.17.0.201812190825/tools/compiler/bin/../lib/gcc/arm-none-eabi/7.3.1/../../../../arm-none-eabi/lib/thumb/v7-m\libc.a(lib_a-mallocr.o)
                0x08005d18                _malloc_r
 .text.memchr   0x0800623c       0x8c c:/ac6/systemworkbench/plugins/fr.ac6.mcu.externaltools.arm-none.win32_1.17.0.201812190825/tools/compiler/bin/../lib/gcc/arm-none-eabi/7.3.1/../../../../arm-none-eabi/lib/thumb/v7-m\libc.a(lib_a-memchr-stub.o)
                0x0800623c                memchr
 .text.__malloc_lock
                0x080062c8        0xc c:/ac6/systemworkbench/plugins/fr.ac6.mcu.externaltools.arm-none.win32_1.17.0.201812190825/tools/compiler/bin/../lib/gcc/arm-none-eabi/7.3.1/../../../../arm-none-eabi/lib/thumb/v7-m\libc.a(lib_a-mlock.o)
                0x080062c8                __malloc_lock
 .text.__malloc_unlock
                0x080062d4        0xc c:/ac6/systemworkbench/plugins/fr.ac6.mcu.externaltools.arm-none.win32_1.17.0.201812190825/tools/compiler/bin/../lib/gcc/arm-none-eabi/7.3.1/../../../../arm-none-eabi/lib/thumb/v7-m\libc.a(lib_a-mlock.o)
                0x080062d4                __malloc_unlock
 .text._Balloc  0x080062e0       0x4c c:/ac6/systemworkbench/plugins/fr.ac6.mcu.externaltools.arm-none.win32_1.17.0.201812190825/tools/compiler/bin/../lib/gcc/arm-none-eabi/7.3.1/../../../../arm-none-eabi/lib/thumb/v7-m\libc.a(lib_a-mprec.o)
                0x080062e0                _Balloc
 .text._Bfree   0x0800632c       0x14 c:/ac6/systemworkbench/plugins/fr.ac6.mcu.externaltools.arm-none.win32_1.17.0.201812190825/tools/compiler/bin/../lib/gcc/arm-none-eabi/7.3.1/../../../../arm-none-eabi/lib/thumb/v7-m\libc.a(lib_a-mprec.o)
                0x0800632c                _Bfree
 .text.__multadd
                0x08006340       0x84 c:/ac6/systemworkbench/plugins/fr.ac6.mcu.externaltools.arm-none.win32_1.17.0.201812190825/tools/compiler/bin/../lib/gcc/arm-none-eabi/7.3.1/../../../../arm-none-eabi/lib/thumb/v7-m\libc.a(lib_a-mprec.o)
                0x08006340                __multadd
 .text.__hi0bits
                0x080063c4       0x40 c:/ac6/systemworkbench/plugins/fr.ac6.mcu.externaltools.arm-none.win32_1.17.0.201812190825/tools/compiler/bin/../lib/gcc/arm-none-eabi/7.3.1/../../../../arm-none-eabi/lib/thumb/v7-m\libc.a(lib_a-mprec.o)
                0x080063c4                __hi0bits
 .text.__lo0bits
                0x08006404       0x60 c:/ac6/systemworkbench/plugins/fr.ac6.mcu.externaltools.arm-none.win32_1.17.0.201812190825/tools/compiler/bin/../lib/gcc/arm-none-eabi/7.3.1/../../../../arm-none-eabi/lib/thumb/v7-m\libc.a(lib_a-mprec.o)
                0x08006404                __lo0bits
 .text.__i2b    0x08006464       0x14 c:/ac6/systemworkbench/plugins/fr.ac6.mcu.externaltools.arm-none.win32_1.17.0.201812190825/tools/compiler/bin/../lib/gcc/arm-none-eabi/7.3.1/../../../../arm-none-eabi/lib/thumb/v7-m\libc.a(lib_a-mprec.o)
                0x08006464                __i2b
 .text.__multiply
                0x08006478      0x14c c:/ac6/systemworkbench/plugins/fr.ac6.mcu.externaltools.arm-none.win32_1.17.0.201812190825/tools/compiler/bin/../lib/gcc/arm-none-eabi/7.3.1/../../../../arm-none-eabi/lib/thumb/v7-m\libc.a(lib_a-mprec.o)
                0x08006478                __multiply
 .text.__pow5mult
                0x080065c4       0xa0 c:/ac6/systemworkbench/plugins/fr.ac6.mcu.externaltools.arm-none.win32_1.17.0.201812190825/tools/compiler/bin/../lib/gcc/arm-none-eabi/7.3.1/../../../../arm-none-eabi/lib/thumb/v7-m\libc.a(lib_a-mprec.o)
                0x080065c4                __pow5mult
 .text.__lshift
                0x08006664       0xb4 c:/ac6/systemworkbench/plugins/fr.ac6.mcu.externaltools.arm-none.win32_1.17.0.201812190825/tools/compiler/bin/../lib/gcc/arm-none-eabi/7.3.1/../../../../arm-none-eabi/lib/thumb/v7-m\libc.a(lib_a-mprec.o)
                0x08006664                __lshift
 .text.__mcmp   0x08006718       0x38 c:/ac6/systemworkbench/plugins/fr.ac6.mcu.externaltools.arm-none.win32_1.17.0.201812190825/tools/compiler/bin/../lib/gcc/arm-none-eabi/7.3.1/../../../../arm-none-eabi/lib/thumb/v7-m\libc.a(lib_a-mprec.o)
                0x08006718                __mcmp
 .text.__mdiff  0x08006750      0x100 c:/ac6/systemworkbench/plugins/fr.ac6.mcu.externaltools.arm-none.win32_1.17.0.201812190825/tools/compiler/bin/../lib/gcc/arm-none-eabi/7.3.1/../../../../arm-none-eabi/lib/thumb/v7-m\libc.a(lib_a-mprec.o)
                0x08006750                __mdiff
 .text.__d2b    0x08006850       0xb0 c:/ac6/systemworkbench/plugins/fr.ac6.mcu.externaltools.arm-none.win32_1.17.0.201812190825/tools/compiler/bin/../lib/gcc/arm-none-eabi/7.3.1/../../../../arm-none-eabi/lib/thumb/v7-m\libc.a(lib_a-mprec.o)
                0x08006850                __d2b
 .text.frexp    0x08006900       0x64 c:/ac6/systemworkbench/plugins/fr.ac6.mcu.externaltools.arm-none.win32_1.17.0.201812190825/tools/compiler/bin/../lib/gcc/arm-none-eabi/7.3.1/../../../../arm-none-eabi/lib/thumb/v7-m\libc.a(lib_a-s_frexp.o)
                0x08006900                frexp
 .text._sbrk_r  0x08006964       0x24 c:/ac6/systemworkbench/plugins/fr.ac6.mcu.externaltools.arm-none.win32_1.17.0.201812190825/tools/compiler/bin/../lib/gcc/arm-none-eabi/7.3.1/../../../../arm-none-eabi/lib/thumb/v7-m\libc.a(lib_a-sbrkr.o)
                0x08006964                _sbrk_r
 .text.strlen   0x08006988       0x5c c:/ac6/systemworkbench/plugins/fr.ac6.mcu.externaltools.arm-none.win32_1.17.0.201812190825/tools/compiler/bin/../lib/gcc/arm-none-eabi/7.3.1/../../../../arm-none-eabi/lib/thumb/v7-m\libc.a(lib_a-strlen-stub.o)
                0x08006988                strlen
 .text.strncpy  0x080069e4       0x64 c:/ac6/systemworkbench/plugins/fr.ac6.mcu.externaltools.arm-none.win32_1.17.0.201812190825/tools/compiler/bin/../lib/gcc/arm-none-eabi/7.3.1/../../../../arm-none-eabi/lib/thumb/v7-m\libc.a(lib_a-strncpy.o)
                0x080069e4                strncpy
 .text.__ssprint_r
                0x08006a48       0xf4 c:/ac6/systemworkbench/plugins/fr.ac6.mcu.externaltools.arm-none.win32_1.17.0.201812190825/tools/compiler/bin/../lib/gcc/arm-none-eabi/7.3.1/../../../../arm-none-eabi/lib/thumb/v7-m\libc.a(lib_a-svfiprintf.o)
                0x08006a48                __ssprint_r
 .text.__register_exitproc
                0x08006b3c       0xc0 c:/ac6/systemworkbench/plugins/fr.ac6.mcu.externaltools.arm-none.win32_1.17.0.201812190825/tools/compiler/bin/../lib/gcc/arm-none-eabi/7.3.1/../../../../arm-none-eabi/lib/thumb/v7-m\libc.a(lib_a-__atexit.o)
                0x08006b3c                __register_exitproc
 .text._calloc_r
                0x08006bfc       0x6c c:/ac6/systemworkbench/plugins/fr.ac6.mcu.externaltools.arm-none.win32_1.17.0.201812190825/tools/compiler/bin/../lib/gcc/arm-none-eabi/7.3.1/../../../../arm-none-eabi/lib/thumb/v7-m\libc.a(lib_a-callocr.o)
                0x08006bfc                _calloc_r
 .text.__ascii_mbtowc
                0x08006c68       0x2c c:/ac6/systemworkbench/plugins/fr.ac6.mcu.externaltools.arm-none.win32_1.17.0.201812190825/tools/compiler/bin/../lib/gcc/arm-none-eabi/7.3.1/../../../../arm-none-eabi/lib/thumb/v7-m\libc.a(lib_a-mbtowc_r.o)
                0x08006c68                __ascii_mbtowc
 .text.memmove  0x08006c94       0xc4 c:/ac6/systemworkbench/plugins/fr.ac6.mcu.externaltools.arm-none.win32_1.17.0.201812190825/tools/compiler/bin/../lib/gcc/arm-none-eabi/7.3.1/../../../../arm-none-eabi/lib/thumb/v7-m\libc.a(lib_a-memmove.o)
                0x08006c94                memmove
 .text._realloc_r
                0x08006d58      0x374 c:/ac6/systemworkbench/plugins/fr.ac6.mcu.externaltools.arm-none.win32_1.17.0.201812190825/tools/compiler/bin/../lib/gcc/arm-none-eabi/7.3.1/../../../../arm-none-eabi/lib/thumb/v7-m\libc.a(lib_a-reallocr.o)
                0x08006d58                _realloc_r
 .text.__ascii_wctomb
                0x080070cc       0x18 c:/ac6/systemworkbench/plugins/fr.ac6.mcu.externaltools.arm-none.win32_1.17.0.201812190825/tools/compiler/bin/../lib/gcc/arm-none-eabi/7.3.1/../../../../arm-none-eabi/lib/thumb/v7-m\libc.a(lib_a-wctomb_r.o)
                0x080070cc                __ascii_wctomb
 *(.glue_7)
 .glue_7        0x080070e4        0x0 linker stubs
 *(.glue_7t)
 .glue_7t       0x080070e4        0x0 linker stubs
 *(.eh_frame)
 .eh_frame      0x080070e4        0x0 c:/ac6/systemworkbench/plugins/fr.ac6.mcu.externaltools.arm-none.win32_1.17.0.201812190825/tools/compiler/bin/../lib/gcc/arm-none-eabi/7.3.1/thumb/v7-m/crtbegin.o
 *(.init)
 .init          0x080070e4        0x4 c:/ac6/systemworkbench/plugins/fr.ac6.mcu.externaltools.arm-none.win32_1.17.0.201812190825/tools/compiler/bin/../lib/gcc/arm-none-eabi/7.3.1/thumb/v7-m/crti.o
                0x080070e4                _init
 .init          0x080070e8        0x8 c:/ac6/systemworkbench/plugins/fr.ac6.mcu.externaltools.arm-none.win32_1.17.0.201812190825/tools/compiler/bin/../lib/gcc/arm-none-eabi/7.3.1/thumb/v7-m/crtn.o
 *(.fini)
 .fini          0x080070f0        0x4 c:/ac6/systemworkbench/plugins/fr.ac6.mcu.externaltools.arm-none.win32_1.17.0.201812190825/tools/compiler/bin/../lib/gcc/arm-none-eabi/7.3.1/thumb/v7-m/crti.o
                0x080070f0                _fini
 .fini          0x080070f4        0x8 c:/ac6/systemworkbench/plugins/fr.ac6.mcu.externaltools.arm-none.win32_1.17.0.201812190825/tools/compiler/bin/../lib/gcc/arm-none-eabi/7.3.1/thumb/v7-m/crtn.o
                0x080070fc                . = ALIGN (0x4)
                0x080070fc                _etext = .

.vfp11_veneer   0x080070fc        0x0
 .vfp11_veneer  0x080070fc        0x0 linker stubs

.v4_bx          0x080070fc        0x0
 .v4_bx         0x080070fc        0x0 linker stubs

.iplt           0x080070fc        0x0
 .iplt          0x080070fc        0x0 c:/ac6/systemworkbench/plugins/fr.ac6.mcu.externaltools.arm-none.win32_1.17.0.201812190825/tools/compiler/bin/../lib/gcc/arm-none-eabi/7.3.1/thumb/v7-m/crtbegin.o

.rodata         0x08007100      0x460
                0x08007100                . = ALIGN (0x4)
 *(.rodata)
 .rodata        0x08007100        0x6 src/lcd.o
 *fill*         0x08007106        0x2 
 .rodata        0x08007108       0x4b src/main.o
 *fill*         0x08007153        0x1 
 .rodata        0x08007154      0x17e src/serverApi.o
 *(.rodata*)
 *fill*         0x080072d2        0x2 
 .rodata._global_impure_ptr
                0x080072d4        0x4 c:/ac6/systemworkbench/plugins/fr.ac6.mcu.externaltools.arm-none.win32_1.17.0.201812190825/tools/compiler/bin/../lib/gcc/arm-none-eabi/7.3.1/../../../../arm-none-eabi/lib/thumb/v7-m\libc.a(lib_a-impure.o)
                0x080072d4                _global_impure_ptr
 .rodata._svfprintf_r.str1.4
                0x080072d8       0x42 c:/ac6/systemworkbench/plugins/fr.ac6.mcu.externaltools.arm-none.win32_1.17.0.201812190825/tools/compiler/bin/../lib/gcc/arm-none-eabi/7.3.1/../../../../arm-none-eabi/lib/thumb/v7-m\libc.a(lib_a-svfprintf.o)
 *fill*         0x0800731a        0x2 
 .rodata.blanks.7315
                0x0800731c       0x10 c:/ac6/systemworkbench/plugins/fr.ac6.mcu.externaltools.arm-none.win32_1.17.0.201812190825/tools/compiler/bin/../lib/gcc/arm-none-eabi/7.3.1/../../../../arm-none-eabi/lib/thumb/v7-m\libc.a(lib_a-svfprintf.o)
 .rodata.zeroes.7316
                0x0800732c       0x10 c:/ac6/systemworkbench/plugins/fr.ac6.mcu.externaltools.arm-none.win32_1.17.0.201812190825/tools/compiler/bin/../lib/gcc/arm-none-eabi/7.3.1/../../../../arm-none-eabi/lib/thumb/v7-m\libc.a(lib_a-svfprintf.o)
 .rodata._dtoa_r.str1.4
                0x0800733c       0x10 c:/ac6/systemworkbench/plugins/fr.ac6.mcu.externaltools.arm-none.win32_1.17.0.201812190825/tools/compiler/bin/../lib/gcc/arm-none-eabi/7.3.1/../../../../arm-none-eabi/lib/thumb/v7-m\libc.a(lib_a-dtoa.o)
                                 0x12 (size before relaxing)
 *fill*         0x0800734c        0x4 
 .rodata.__mprec_bigtens
                0x08007350       0x28 c:/ac6/systemworkbench/plugins/fr.ac6.mcu.externaltools.arm-none.win32_1.17.0.201812190825/tools/compiler/bin/../lib/gcc/arm-none-eabi/7.3.1/../../../../arm-none-eabi/lib/thumb/v7-m\libc.a(lib_a-mprec.o)
                0x08007350                __mprec_bigtens
 .rodata.__mprec_tens
                0x08007378       0xc8 c:/ac6/systemworkbench/plugins/fr.ac6.mcu.externaltools.arm-none.win32_1.17.0.201812190825/tools/compiler/bin/../lib/gcc/arm-none-eabi/7.3.1/../../../../arm-none-eabi/lib/thumb/v7-m\libc.a(lib_a-mprec.o)
                0x08007378                __mprec_tens
 .rodata.p05.6092
                0x08007440        0xc c:/ac6/systemworkbench/plugins/fr.ac6.mcu.externaltools.arm-none.win32_1.17.0.201812190825/tools/compiler/bin/../lib/gcc/arm-none-eabi/7.3.1/../../../../arm-none-eabi/lib/thumb/v7-m\libc.a(lib_a-mprec.o)
 .rodata._setlocale_r.str1.4
                0x0800744c        0xa c:/ac6/systemworkbench/plugins/fr.ac6.mcu.externaltools.arm-none.win32_1.17.0.201812190825/tools/compiler/bin/../lib/gcc/arm-none-eabi/7.3.1/../../../../arm-none-eabi/lib/thumb/v7-m\libc.a(lib_a-locale.o)
                                  0xd (size before relaxing)
 *fill*         0x08007456        0x2 
 .rodata.str1.4
                0x08007458        0x4 c:/ac6/systemworkbench/plugins/fr.ac6.mcu.externaltools.arm-none.win32_1.17.0.201812190825/tools/compiler/bin/../lib/gcc/arm-none-eabi/7.3.1/../../../../arm-none-eabi/lib/thumb/v7-m\libc.a(lib_a-locale.o)
                                  0x2 (size before relaxing)
 .rodata._ctype_
                0x0800745c      0x101 c:/ac6/systemworkbench/plugins/fr.ac6.mcu.externaltools.arm-none.win32_1.17.0.201812190825/tools/compiler/bin/../lib/gcc/arm-none-eabi/7.3.1/../../../../arm-none-eabi/lib/thumb/v7-m\libc.a(lib_a-ctype_.o)
                0x0800745c                _ctype_
                0x08007560                . = ALIGN (0x4)
 *fill*         0x0800755d        0x3 

.ARM.extab      0x08007560        0x0
                0x08007560                . = ALIGN (0x4)
 *(.ARM.extab* .gnu.linkonce.armextab.*)
                0x08007560                . = ALIGN (0x4)

.ARM            0x08007560        0x8
                0x08007560                . = ALIGN (0x4)
                0x08007560                __exidx_start = .
 *(.ARM.exidx*)
 .ARM.exidx     0x08007560        0x8 c:/ac6/systemworkbench/plugins/fr.ac6.mcu.externaltools.arm-none.win32_1.17.0.201812190825/tools/compiler/bin/../lib/gcc/arm-none-eabi/7.3.1/thumb/v7-m\libgcc.a(_udivmoddi4.o)
                0x08007568                __exidx_end = .
                0x08007568                . = ALIGN (0x4)

.rel.dyn        0x08007568        0x0
 .rel.iplt      0x08007568        0x0 c:/ac6/systemworkbench/plugins/fr.ac6.mcu.externaltools.arm-none.win32_1.17.0.201812190825/tools/compiler/bin/../lib/gcc/arm-none-eabi/7.3.1/thumb/v7-m/crtbegin.o

.preinit_array  0x08007568        0x0
                0x08007568                . = ALIGN (0x4)
                0x08007568                PROVIDE (__preinit_array_start = .)
 *(.preinit_array*)
                0x08007568                PROVIDE (__preinit_array_end = .)
                0x08007568                . = ALIGN (0x4)

.init_array     0x08007568        0x8
                0x08007568                . = ALIGN (0x4)
                0x08007568                PROVIDE (__init_array_start = .)
 *(SORT_BY_NAME(.init_array.*))
 .init_array.00000
                0x08007568        0x4 c:/ac6/systemworkbench/plugins/fr.ac6.mcu.externaltools.arm-none.win32_1.17.0.201812190825/tools/compiler/bin/../lib/gcc/arm-none-eabi/7.3.1/../../../../arm-none-eabi/lib/thumb/v7-m\libc.a(lib_a-__call_atexit.o)
 *(.init_array*)
 .init_array    0x0800756c        0x4 c:/ac6/systemworkbench/plugins/fr.ac6.mcu.externaltools.arm-none.win32_1.17.0.201812190825/tools/compiler/bin/../lib/gcc/arm-none-eabi/7.3.1/thumb/v7-m/crtbegin.o
                0x08007570                PROVIDE (__init_array_end = .)
                0x08007570                . = ALIGN (0x4)

.fini_array     0x08007570        0x4
                0x08007570                . = ALIGN (0x4)
                0x08007570                PROVIDE (__fini_array_start = .)
 *(SORT_BY_NAME(.fini_array.*))
 *(.fini_array*)
 .fini_array    0x08007570        0x4 c:/ac6/systemworkbench/plugins/fr.ac6.mcu.externaltools.arm-none.win32_1.17.0.201812190825/tools/compiler/bin/../lib/gcc/arm-none-eabi/7.3.1/thumb/v7-m/crtbegin.o
                0x08007574                PROVIDE (__fini_array_end = .)
                0x08007574                . = ALIGN (0x4)
                0x08007574                _sidata = LOADADDR (.data)

.data           0x20000000      0xa48 load address 0x08007574
                0x20000000                . = ALIGN (0x4)
                0x20000000                _sdata = .
 *(.data)
 .data          0x20000000       0x14 StdPeriph_Driver/src/stm32f10x_rcc.o
 .data          0x20000014       0x70 src/serverApi.o
                0x20000014                domainName
                0x20000034                serverConnect
 .data          0x20000084       0x14 src/system_stm32f10x.o
                0x20000084                SystemCoreClock
                0x20000088                AHBPrescTable
 .data          0x20000098        0x4 src/uart.o
                0x20000098                USART_InitStruct
 *(.data*)
 .data._impure_ptr
                0x2000009c        0x4 c:/ac6/systemworkbench/plugins/fr.ac6.mcu.externaltools.arm-none.win32_1.17.0.201812190825/tools/compiler/bin/../lib/gcc/arm-none-eabi/7.3.1/../../../../arm-none-eabi/lib/thumb/v7-m\libc.a(lib_a-impure.o)
                0x2000009c                _impure_ptr
 .data.impure_data
                0x200000a0      0x428 c:/ac6/systemworkbench/plugins/fr.ac6.mcu.externaltools.arm-none.win32_1.17.0.201812190825/tools/compiler/bin/../lib/gcc/arm-none-eabi/7.3.1/../../../../arm-none-eabi/lib/thumb/v7-m\libc.a(lib_a-impure.o)
 .data.__atexit_recursive_mutex
                0x200004c8        0x4 c:/ac6/systemworkbench/plugins/fr.ac6.mcu.externaltools.arm-none.win32_1.17.0.201812190825/tools/compiler/bin/../lib/gcc/arm-none-eabi/7.3.1/../../../../arm-none-eabi/lib/thumb/v7-m\libc.a(lib_a-__call_atexit.o)
                0x200004c8                __atexit_recursive_mutex
 .data.__malloc_av_
                0x200004cc      0x408 c:/ac6/systemworkbench/plugins/fr.ac6.mcu.externaltools.arm-none.win32_1.17.0.201812190825/tools/compiler/bin/../lib/gcc/arm-none-eabi/7.3.1/../../../../arm-none-eabi/lib/thumb/v7-m\libc.a(lib_a-mallocr.o)
                0x200004cc                __malloc_av_
 .data.__malloc_sbrk_base
                0x200008d4        0x4 c:/ac6/systemworkbench/plugins/fr.ac6.mcu.externaltools.arm-none.win32_1.17.0.201812190825/tools/compiler/bin/../lib/gcc/arm-none-eabi/7.3.1/../../../../arm-none-eabi/lib/thumb/v7-m\libc.a(lib_a-mallocr.o)
                0x200008d4                __malloc_sbrk_base
 .data.__malloc_trim_threshold
                0x200008d8        0x4 c:/ac6/systemworkbench/plugins/fr.ac6.mcu.externaltools.arm-none.win32_1.17.0.201812190825/tools/compiler/bin/../lib/gcc/arm-none-eabi/7.3.1/../../../../arm-none-eabi/lib/thumb/v7-m\libc.a(lib_a-mallocr.o)
                0x200008d8                __malloc_trim_threshold
 .data.__global_locale
                0x200008dc      0x16c c:/ac6/systemworkbench/plugins/fr.ac6.mcu.externaltools.arm-none.win32_1.17.0.201812190825/tools/compiler/bin/../lib/gcc/arm-none-eabi/7.3.1/../../../../arm-none-eabi/lib/thumb/v7-m\libc.a(lib_a-locale.o)
                0x200008dc                __global_locale
                0x20000a48                . = ALIGN (0x4)
                0x20000a48                _edata = .

.igot.plt       0x20000a48        0x0 load address 0x08007fbc
 .igot.plt      0x20000a48        0x0 c:/ac6/systemworkbench/plugins/fr.ac6.mcu.externaltools.arm-none.win32_1.17.0.201812190825/tools/compiler/bin/../lib/gcc/arm-none-eabi/7.3.1/thumb/v7-m/crtbegin.o
                0x20000a48                . = ALIGN (0x4)

.bss            0x20000a48      0x14c load address 0x08007fbc
                0x20000a48                _sbss = .
                0x20000a48                __bss_start__ = _sbss
 *(.bss)
 .bss           0x20000a48       0x1c c:/ac6/systemworkbench/plugins/fr.ac6.mcu.externaltools.arm-none.win32_1.17.0.201812190825/tools/compiler/bin/../lib/gcc/arm-none-eabi/7.3.1/thumb/v7-m/crtbegin.o
 .bss           0x20000a64        0xc src/main.o
                0x20000a64                avgAdcVal_mq135
                0x20000a68                avgAdcVal_mq7
                0x20000a6c                avgTemperatureValue
 .bss           0x20000a70        0x8 src/syscalls.o
                0x20000a70                __env
 .bss           0x20000a78        0x1 src/timer.o
                0x20000a78                sysTimeout
 *(.bss*)
 *fill*         0x20000a79        0x3 
 .bss.__malloc_current_mallinfo
                0x20000a7c       0x28 c:/ac6/systemworkbench/plugins/fr.ac6.mcu.externaltools.arm-none.win32_1.17.0.201812190825/tools/compiler/bin/../lib/gcc/arm-none-eabi/7.3.1/../../../../arm-none-eabi/lib/thumb/v7-m\libc.a(lib_a-mallocr.o)
                0x20000a7c                __malloc_current_mallinfo
 .bss.__malloc_max_sbrked_mem
                0x20000aa4        0x4 c:/ac6/systemworkbench/plugins/fr.ac6.mcu.externaltools.arm-none.win32_1.17.0.201812190825/tools/compiler/bin/../lib/gcc/arm-none-eabi/7.3.1/../../../../arm-none-eabi/lib/thumb/v7-m\libc.a(lib_a-mallocr.o)
                0x20000aa4                __malloc_max_sbrked_mem
 .bss.__malloc_max_total_mem
                0x20000aa8        0x4 c:/ac6/systemworkbench/plugins/fr.ac6.mcu.externaltools.arm-none.win32_1.17.0.201812190825/tools/compiler/bin/../lib/gcc/arm-none-eabi/7.3.1/../../../../arm-none-eabi/lib/thumb/v7-m\libc.a(lib_a-mallocr.o)
                0x20000aa8                __malloc_max_total_mem
 .bss.__malloc_top_pad
                0x20000aac        0x4 c:/ac6/systemworkbench/plugins/fr.ac6.mcu.externaltools.arm-none.win32_1.17.0.201812190825/tools/compiler/bin/../lib/gcc/arm-none-eabi/7.3.1/../../../../arm-none-eabi/lib/thumb/v7-m\libc.a(lib_a-mallocr.o)
                0x20000aac                __malloc_top_pad
 *(COMMON)
 COMMON         0x20000ab0        0x8 src/lcd.o
                0x20000ab0                lcdData
                0x20000ab4                lcdIndex
 COMMON         0x20000ab8       0xac src/main.o
                0x20000ab8                responseCode
                0x20000ac4                txIndex
                0x20000ac8                TemperatureValue
                0x20000acc                dmaRcvBuf
                0x20000ad4                tempDataStr
                0x20000adc                usart
                0x20000aec                mq135DataStr
                0x20000af4                sim900Response
                0x20000b58                adcVal_mq135
                0x20000b5a                adcVal_mq7
                0x20000b5c                mq7DataStr
 COMMON         0x20000b64        0x2 src/serverApi.o
                0x20000b64                gpsFixStatus
                0x20000b65                status
 *fill*         0x20000b66        0x2 
 COMMON         0x20000b68        0x4 src/timer.o
                0x20000b68                DELAY_mSECS
 COMMON         0x20000b6c       0x21 c:/ac6/systemworkbench/plugins/fr.ac6.mcu.externaltools.arm-none.win32_1.17.0.201812190825/tools/compiler/bin/../lib/gcc/arm-none-eabi/7.3.1/../../../../arm-none-eabi/lib/thumb/v7-m\libc.a(lib_a-lock.o)
                0x20000b6c                __lock___atexit_recursive_mutex
                0x20000b70                __lock___arc4random_mutex
                0x20000b74                __lock___env_recursive_mutex
                0x20000b78                __lock___sinit_recursive_mutex
                0x20000b7c                __lock___malloc_recursive_mutex
                0x20000b80                __lock___at_quick_exit_mutex
                0x20000b84                __lock___dd_hash_mutex
                0x20000b88                __lock___tz_mutex
                0x20000b8c                __lock___sfp_recursive_mutex
 *fill*         0x20000b8d        0x3 
 COMMON         0x20000b90        0x4 c:/ac6/systemworkbench/plugins/fr.ac6.mcu.externaltools.arm-none.win32_1.17.0.201812190825/tools/compiler/bin/../lib/gcc/arm-none-eabi/7.3.1/../../../../arm-none-eabi/lib/thumb/v7-m\libc.a(lib_a-reent.o)
                0x20000b90                errno
                0x20000b94                . = ALIGN (0x4)
                0x20000b94                _ebss = .
                0x20000b94                __bss_end__ = _ebss

._user_heap_stack
                0x20000b94      0x404 load address 0x08007fbc
                0x20000b98                . = ALIGN (0x8)
 *fill*         0x20000b94        0x4 
                0x20000b98                PROVIDE (end = .)
                [!provide]                PROVIDE (_end = .)
                0x20000b98                . = (. + _Min_Heap_Size)
                0x20000f98                . = (. + _Min_Stack_Size)
 *fill*         0x20000b98      0x400 
                0x20000f98                . = ALIGN (0x8)

/DISCARD/
 libc.a(*)
 libm.a(*)
 libgcc.a(*)

.ARM.attributes
                0x00000000       0x29
 *(.ARM.attributes)
 .ARM.attributes
                0x00000000       0x1d c:/ac6/systemworkbench/plugins/fr.ac6.mcu.externaltools.arm-none.win32_1.17.0.201812190825/tools/compiler/bin/../lib/gcc/arm-none-eabi/7.3.1/thumb/v7-m/crti.o
 .ARM.attributes
                0x0000001d       0x2d c:/ac6/systemworkbench/plugins/fr.ac6.mcu.externaltools.arm-none.win32_1.17.0.201812190825/tools/compiler/bin/../lib/gcc/arm-none-eabi/7.3.1/thumb/v7-m/crtbegin.o
 .ARM.attributes
                0x0000004a       0x33 StdPeriph_Driver/src/stm32f10x_rcc.o
 .ARM.attributes
                0x0000007d       0x33 StdPeriph_Driver/src/stm32f10x_tim.o
 .ARM.attributes
                0x000000b0       0x33 StdPeriph_Driver/src/stm32f10x_usart.o
 .ARM.attributes
                0x000000e3       0x33 src/ADC_Driver.o
 .ARM.attributes
                0x00000116       0x33 src/lcd.o
 .ARM.attributes
                0x00000149       0x33 src/main.o
 .ARM.attributes
                0x0000017c       0x33 src/serverApi.o
 .ARM.attributes
                0x000001af       0x33 src/syscalls.o
 .ARM.attributes
                0x000001e2       0x33 src/system_stm32f10x.o
 .ARM.attributes
                0x00000215       0x33 src/timer.o
 .ARM.attributes
                0x00000248       0x33 src/uart.o
 .ARM.attributes
                0x0000027b       0x21 startup/startup_stm32.o
 .ARM.attributes
                0x0000029c       0x1d c:/ac6/systemworkbench/plugins/fr.ac6.mcu.externaltools.arm-none.win32_1.17.0.201812190825/tools/compiler/bin/../lib/gcc/arm-none-eabi/7.3.1/thumb/v7-m\libgcc.a(_arm_addsubdf3.o)
 .ARM.attributes
                0x000002b9       0x1d c:/ac6/systemworkbench/plugins/fr.ac6.mcu.externaltools.arm-none.win32_1.17.0.201812190825/tools/compiler/bin/../lib/gcc/arm-none-eabi/7.3.1/thumb/v7-m\libgcc.a(_arm_muldivdf3.o)
 .ARM.attributes
                0x000002d6       0x1d c:/ac6/systemworkbench/plugins/fr.ac6.mcu.externaltools.arm-none.win32_1.17.0.201812190825/tools/compiler/bin/../lib/gcc/arm-none-eabi/7.3.1/thumb/v7-m\libgcc.a(_arm_truncdfsf2.o)
 .ARM.attributes
                0x000002f3       0x1d c:/ac6/systemworkbench/plugins/fr.ac6.mcu.externaltools.arm-none.win32_1.17.0.201812190825/tools/compiler/bin/../lib/gcc/arm-none-eabi/7.3.1/thumb/v7-m\libgcc.a(_arm_addsubsf3.o)
 .ARM.attributes
                0x00000310       0x1d c:/ac6/systemworkbench/plugins/fr.ac6.mcu.externaltools.arm-none.win32_1.17.0.201812190825/tools/compiler/bin/../lib/gcc/arm-none-eabi/7.3.1/thumb/v7-m\libgcc.a(_arm_muldivsf3.o)
 .ARM.attributes
                0x0000032d       0x2d c:/ac6/systemworkbench/plugins/fr.ac6.mcu.externaltools.arm-none.win32_1.17.0.201812190825/tools/compiler/bin/../lib/gcc/arm-none-eabi/7.3.1/../../../../arm-none-eabi/lib/thumb/v7-m\libc.a(lib_a-errno.o)
 .ARM.attributes
                0x0000035a       0x2d c:/ac6/systemworkbench/plugins/fr.ac6.mcu.externaltools.arm-none.win32_1.17.0.201812190825/tools/compiler/bin/../lib/gcc/arm-none-eabi/7.3.1/../../../../arm-none-eabi/lib/thumb/v7-m\libc.a(lib_a-impure.o)
 .ARM.attributes
                0x00000387       0x2d c:/ac6/systemworkbench/plugins/fr.ac6.mcu.externaltools.arm-none.win32_1.17.0.201812190825/tools/compiler/bin/../lib/gcc/arm-none-eabi/7.3.1/../../../../arm-none-eabi/lib/thumb/v7-m\libc.a(lib_a-init.o)
 .ARM.attributes
                0x000003b4       0x2d c:/ac6/systemworkbench/plugins/fr.ac6.mcu.externaltools.arm-none.win32_1.17.0.201812190825/tools/compiler/bin/../lib/gcc/arm-none-eabi/7.3.1/../../../../arm-none-eabi/lib/thumb/v7-m\libc.a(lib_a-memset.o)
 .ARM.attributes
                0x000003e1       0x2d c:/ac6/systemworkbench/plugins/fr.ac6.mcu.externaltools.arm-none.win32_1.17.0.201812190825/tools/compiler/bin/../lib/gcc/arm-none-eabi/7.3.1/../../../../arm-none-eabi/lib/thumb/v7-m\libc.a(lib_a-sprintf.o)
 .ARM.attributes
                0x0000040e       0x2d c:/ac6/systemworkbench/plugins/fr.ac6.mcu.externaltools.arm-none.win32_1.17.0.201812190825/tools/compiler/bin/../lib/gcc/arm-none-eabi/7.3.1/../../../../arm-none-eabi/lib/thumb/v7-m\libc.a(lib_a-strcat.o)
 .ARM.attributes
                0x0000043b       0x1b c:/ac6/systemworkbench/plugins/fr.ac6.mcu.externaltools.arm-none.win32_1.17.0.201812190825/tools/compiler/bin/../lib/gcc/arm-none-eabi/7.3.1/../../../../arm-none-eabi/lib/thumb/v7-m\libc.a(lib_a-strcmp.o)
 .ARM.attributes
                0x00000456       0x2d c:/ac6/systemworkbench/plugins/fr.ac6.mcu.externaltools.arm-none.win32_1.17.0.201812190825/tools/compiler/bin/../lib/gcc/arm-none-eabi/7.3.1/../../../../arm-none-eabi/lib/thumb/v7-m\libc.a(lib_a-strcpy.o)
 .ARM.attributes
                0x00000483       0x2d c:/ac6/systemworkbench/plugins/fr.ac6.mcu.externaltools.arm-none.win32_1.17.0.201812190825/tools/compiler/bin/../lib/gcc/arm-none-eabi/7.3.1/../../../../arm-none-eabi/lib/thumb/v7-m\libc.a(lib_a-svfprintf.o)
 .ARM.attributes
                0x000004b0       0x2d c:/ac6/systemworkbench/plugins/fr.ac6.mcu.externaltools.arm-none.win32_1.17.0.201812190825/tools/compiler/bin/../lib/gcc/arm-none-eabi/7.3.1/../../../../arm-none-eabi/lib/thumb/v7-m\libc.a(lib_a-__call_atexit.o)
 .ARM.attributes
                0x000004dd       0x2d c:/ac6/systemworkbench/plugins/fr.ac6.mcu.externaltools.arm-none.win32_1.17.0.201812190825/tools/compiler/bin/../lib/gcc/arm-none-eabi/7.3.1/../../../../arm-none-eabi/lib/thumb/v7-m\libc.a(lib_a-atexit.o)
 .ARM.attributes
                0x0000050a       0x2d c:/ac6/systemworkbench/plugins/fr.ac6.mcu.externaltools.arm-none.win32_1.17.0.201812190825/tools/compiler/bin/../lib/gcc/arm-none-eabi/7.3.1/../../../../arm-none-eabi/lib/thumb/v7-m\libc.a(lib_a-dtoa.o)
 .ARM.attributes
                0x00000537       0x2d c:/ac6/systemworkbench/plugins/fr.ac6.mcu.externaltools.arm-none.win32_1.17.0.201812190825/tools/compiler/bin/../lib/gcc/arm-none-eabi/7.3.1/../../../../arm-none-eabi/lib/thumb/v7-m\libc.a(lib_a-fini.o)
 .ARM.attributes
                0x00000564       0x2d c:/ac6/systemworkbench/plugins/fr.ac6.mcu.externaltools.arm-none.win32_1.17.0.201812190825/tools/compiler/bin/../lib/gcc/arm-none-eabi/7.3.1/../../../../arm-none-eabi/lib/thumb/v7-m\libc.a(lib_a-freer.o)
 .ARM.attributes
                0x00000591       0x2d c:/ac6/systemworkbench/plugins/fr.ac6.mcu.externaltools.arm-none.win32_1.17.0.201812190825/tools/compiler/bin/../lib/gcc/arm-none-eabi/7.3.1/../../../../arm-none-eabi/lib/thumb/v7-m\libc.a(lib_a-localeconv.o)
 .ARM.attributes
                0x000005be       0x2d c:/ac6/systemworkbench/plugins/fr.ac6.mcu.externaltools.arm-none.win32_1.17.0.201812190825/tools/compiler/bin/../lib/gcc/arm-none-eabi/7.3.1/../../../../arm-none-eabi/lib/thumb/v7-m\libc.a(lib_a-lock.o)
 .ARM.attributes
                0x000005eb       0x2d c:/ac6/systemworkbench/plugins/fr.ac6.mcu.externaltools.arm-none.win32_1.17.0.201812190825/tools/compiler/bin/../lib/gcc/arm-none-eabi/7.3.1/../../../../arm-none-eabi/lib/thumb/v7-m\libc.a(lib_a-mallocr.o)
 .ARM.attributes
                0x00000618       0x2d c:/ac6/systemworkbench/plugins/fr.ac6.mcu.externaltools.arm-none.win32_1.17.0.201812190825/tools/compiler/bin/../lib/gcc/arm-none-eabi/7.3.1/../../../../arm-none-eabi/lib/thumb/v7-m\libc.a(lib_a-memchr-stub.o)
 .ARM.attributes
                0x00000645       0x1b c:/ac6/systemworkbench/plugins/fr.ac6.mcu.externaltools.arm-none.win32_1.17.0.201812190825/tools/compiler/bin/../lib/gcc/arm-none-eabi/7.3.1/../../../../arm-none-eabi/lib/thumb/v7-m\libc.a(lib_a-memcpy.o)
 .ARM.attributes
                0x00000660       0x2d c:/ac6/systemworkbench/plugins/fr.ac6.mcu.externaltools.arm-none.win32_1.17.0.201812190825/tools/compiler/bin/../lib/gcc/arm-none-eabi/7.3.1/../../../../arm-none-eabi/lib/thumb/v7-m\libc.a(lib_a-mlock.o)
 .ARM.attributes
                0x0000068d       0x2d c:/ac6/systemworkbench/plugins/fr.ac6.mcu.externaltools.arm-none.win32_1.17.0.201812190825/tools/compiler/bin/../lib/gcc/arm-none-eabi/7.3.1/../../../../arm-none-eabi/lib/thumb/v7-m\libc.a(lib_a-mprec.o)
 .ARM.attributes
                0x000006ba       0x2d c:/ac6/systemworkbench/plugins/fr.ac6.mcu.externaltools.arm-none.win32_1.17.0.201812190825/tools/compiler/bin/../lib/gcc/arm-none-eabi/7.3.1/../../../../arm-none-eabi/lib/thumb/v7-m\libc.a(lib_a-s_frexp.o)
 .ARM.attributes
                0x000006e7       0x2d c:/ac6/systemworkbench/plugins/fr.ac6.mcu.externaltools.arm-none.win32_1.17.0.201812190825/tools/compiler/bin/../lib/gcc/arm-none-eabi/7.3.1/../../../../arm-none-eabi/lib/thumb/v7-m\libc.a(lib_a-sbrkr.o)
 .ARM.attributes
                0x00000714       0x2d c:/ac6/systemworkbench/plugins/fr.ac6.mcu.externaltools.arm-none.win32_1.17.0.201812190825/tools/compiler/bin/../lib/gcc/arm-none-eabi/7.3.1/../../../../arm-none-eabi/lib/thumb/v7-m\libc.a(lib_a-strlen-stub.o)
 .ARM.attributes
                0x00000741       0x2d c:/ac6/systemworkbench/plugins/fr.ac6.mcu.externaltools.arm-none.win32_1.17.0.201812190825/tools/compiler/bin/../lib/gcc/arm-none-eabi/7.3.1/../../../../arm-none-eabi/lib/thumb/v7-m\libc.a(lib_a-strncpy.o)
 .ARM.attributes
                0x0000076e       0x2d c:/ac6/systemworkbench/plugins/fr.ac6.mcu.externaltools.arm-none.win32_1.17.0.201812190825/tools/compiler/bin/../lib/gcc/arm-none-eabi/7.3.1/../../../../arm-none-eabi/lib/thumb/v7-m\libc.a(lib_a-svfiprintf.o)
 .ARM.attributes
                0x0000079b       0x2d c:/ac6/systemworkbench/plugins/fr.ac6.mcu.externaltools.arm-none.win32_1.17.0.201812190825/tools/compiler/bin/../lib/gcc/arm-none-eabi/7.3.1/../../../../arm-none-eabi/lib/thumb/v7-m\libc.a(lib_a-__atexit.o)
 .ARM.attributes
                0x000007c8       0x2d c:/ac6/systemworkbench/plugins/fr.ac6.mcu.externaltools.arm-none.win32_1.17.0.201812190825/tools/compiler/bin/../lib/gcc/arm-none-eabi/7.3.1/../../../../arm-none-eabi/lib/thumb/v7-m\libc.a(lib_a-callocr.o)
 .ARM.attributes
                0x000007f5       0x2d c:/ac6/systemworkbench/plugins/fr.ac6.mcu.externaltools.arm-none.win32_1.17.0.201812190825/tools/compiler/bin/../lib/gcc/arm-none-eabi/7.3.1/../../../../arm-none-eabi/lib/thumb/v7-m\libc.a(lib_a-locale.o)
 .ARM.attributes
                0x00000822       0x2d c:/ac6/systemworkbench/plugins/fr.ac6.mcu.externaltools.arm-none.win32_1.17.0.201812190825/tools/compiler/bin/../lib/gcc/arm-none-eabi/7.3.1/../../../../arm-none-eabi/lib/thumb/v7-m\libc.a(lib_a-mbtowc_r.o)
 .ARM.attributes
                0x0000084f       0x2d c:/ac6/systemworkbench/plugins/fr.ac6.mcu.externaltools.arm-none.win32_1.17.0.201812190825/tools/compiler/bin/../lib/gcc/arm-none-eabi/7.3.1/../../../../arm-none-eabi/lib/thumb/v7-m\libc.a(lib_a-memmove.o)
 .ARM.attributes
                0x0000087c       0x2d c:/ac6/systemworkbench/plugins/fr.ac6.mcu.externaltools.arm-none.win32_1.17.0.201812190825/tools/compiler/bin/../lib/gcc/arm-none-eabi/7.3.1/../../../../arm-none-eabi/lib/thumb/v7-m\libc.a(lib_a-reallocr.o)
 .ARM.attributes
                0x000008a9       0x2d c:/ac6/systemworkbench/plugins/fr.ac6.mcu.externaltools.arm-none.win32_1.17.0.201812190825/tools/compiler/bin/../lib/gcc/arm-none-eabi/7.3.1/../../../../arm-none-eabi/lib/thumb/v7-m\libc.a(lib_a-reent.o)
 .ARM.attributes
                0x000008d6       0x2d c:/ac6/systemworkbench/plugins/fr.ac6.mcu.externaltools.arm-none.win32_1.17.0.201812190825/tools/compiler/bin/../lib/gcc/arm-none-eabi/7.3.1/../../../../arm-none-eabi/lib/thumb/v7-m\libc.a(lib_a-wctomb_r.o)
 .ARM.attributes
                0x00000903       0x2d c:/ac6/systemworkbench/plugins/fr.ac6.mcu.externaltools.arm-none.win32_1.17.0.201812190825/tools/compiler/bin/../lib/gcc/arm-none-eabi/7.3.1/../../../../arm-none-eabi/lib/thumb/v7-m\libc.a(lib_a-ctype_.o)
 .ARM.attributes
                0x00000930       0x1d c:/ac6/systemworkbench/plugins/fr.ac6.mcu.externaltools.arm-none.win32_1.17.0.201812190825/tools/compiler/bin/../lib/gcc/arm-none-eabi/7.3.1/thumb/v7-m\libgcc.a(_arm_cmpdf2.o)
 .ARM.attributes
                0x0000094d       0x1d c:/ac6/systemworkbench/plugins/fr.ac6.mcu.externaltools.arm-none.win32_1.17.0.201812190825/tools/compiler/bin/../lib/gcc/arm-none-eabi/7.3.1/thumb/v7-m\libgcc.a(_arm_unorddf2.o)
 .ARM.attributes
                0x0000096a       0x1d c:/ac6/systemworkbench/plugins/fr.ac6.mcu.externaltools.arm-none.win32_1.17.0.201812190825/tools/compiler/bin/../lib/gcc/arm-none-eabi/7.3.1/thumb/v7-m\libgcc.a(_arm_fixdfsi.o)
 .ARM.attributes
                0x00000987       0x1d c:/ac6/systemworkbench/plugins/fr.ac6.mcu.externaltools.arm-none.win32_1.17.0.201812190825/tools/compiler/bin/../lib/gcc/arm-none-eabi/7.3.1/thumb/v7-m\libgcc.a(_aeabi_uldivmod.o)
 .ARM.attributes
                0x000009a4       0x2d c:/ac6/systemworkbench/plugins/fr.ac6.mcu.externaltools.arm-none.win32_1.17.0.201812190825/tools/compiler/bin/../lib/gcc/arm-none-eabi/7.3.1/thumb/v7-m\libgcc.a(_udivmoddi4.o)
 .ARM.attributes
                0x000009d1       0x1d c:/ac6/systemworkbench/plugins/fr.ac6.mcu.externaltools.arm-none.win32_1.17.0.201812190825/tools/compiler/bin/../lib/gcc/arm-none-eabi/7.3.1/thumb/v7-m\libgcc.a(_dvmd_tls.o)
 .ARM.attributes
                0x000009ee       0x1d c:/ac6/systemworkbench/plugins/fr.ac6.mcu.externaltools.arm-none.win32_1.17.0.201812190825/tools/compiler/bin/../lib/gcc/arm-none-eabi/7.3.1/thumb/v7-m/crtn.o
OUTPUT(IVEMA.elf elf32-littlearm)

.debug_info     0x00000000     0x7eb7
 .debug_info    0x00000000      0x89c StdPeriph_Driver/src/stm32f10x_rcc.o
 .debug_info    0x0000089c     0x1c54 StdPeriph_Driver/src/stm32f10x_tim.o
 .debug_info    0x000024f0      0x9e4 StdPeriph_Driver/src/stm32f10x_usart.o
 .debug_info    0x00002ed4      0x45c src/ADC_Driver.o
 .debug_info    0x00003330      0x5d0 src/lcd.o
 .debug_info    0x00003900      0xfac src/main.o
 .debug_info    0x000048ac      0xd29 src/serverApi.o
 .debug_info    0x000055d5      0xf2e src/syscalls.o
 .debug_info    0x00006503      0x450 src/system_stm32f10x.o
 .debug_info    0x00006953      0x740 src/timer.o
 .debug_info    0x00007093      0xe02 src/uart.o
 .debug_info    0x00007e95       0x22 startup/startup_stm32.o

.debug_abbrev   0x00000000     0x157e
 .debug_abbrev  0x00000000      0x1d4 StdPeriph_Driver/src/stm32f10x_rcc.o
 .debug_abbrev  0x000001d4      0x1c8 StdPeriph_Driver/src/stm32f10x_tim.o
 .debug_abbrev  0x0000039c      0x194 StdPeriph_Driver/src/stm32f10x_usart.o
 .debug_abbrev  0x00000530      0x174 src/ADC_Driver.o
 .debug_abbrev  0x000006a4      0x156 src/lcd.o
 .debug_abbrev  0x000007fa      0x2b6 src/main.o
 .debug_abbrev  0x00000ab0      0x268 src/serverApi.o
 .debug_abbrev  0x00000d18      0x2aa src/syscalls.o
 .debug_abbrev  0x00000fc2      0x19e src/system_stm32f10x.o
 .debug_abbrev  0x00001160      0x1cf src/timer.o
 .debug_abbrev  0x0000132f      0x23d src/uart.o
 .debug_abbrev  0x0000156c       0x12 startup/startup_stm32.o

.debug_aranges  0x00000000      0x840
 .debug_aranges
                0x00000000      0x118 StdPeriph_Driver/src/stm32f10x_rcc.o
 .debug_aranges
                0x00000118      0x2f0 StdPeriph_Driver/src/stm32f10x_tim.o
 .debug_aranges
                0x00000408      0x100 StdPeriph_Driver/src/stm32f10x_usart.o
 .debug_aranges
                0x00000508       0x70 src/ADC_Driver.o
 .debug_aranges
                0x00000578       0x78 src/lcd.o
 .debug_aranges
                0x000005f0       0x58 src/main.o
 .debug_aranges
                0x00000648       0x50 src/serverApi.o
 .debug_aranges
                0x00000698       0xb0 src/syscalls.o
 .debug_aranges
                0x00000748       0x38 src/system_stm32f10x.o
 .debug_aranges
                0x00000780       0x60 src/timer.o
 .debug_aranges
                0x000007e0       0x38 src/uart.o
 .debug_aranges
                0x00000818       0x28 startup/startup_stm32.o

.debug_ranges   0x00000000      0x788
 .debug_ranges  0x00000000      0x108 StdPeriph_Driver/src/stm32f10x_rcc.o
 .debug_ranges  0x00000108      0x2e0 StdPeriph_Driver/src/stm32f10x_tim.o
 .debug_ranges  0x000003e8       0xf0 StdPeriph_Driver/src/stm32f10x_usart.o
 .debug_ranges  0x000004d8       0x60 src/ADC_Driver.o
 .debug_ranges  0x00000538       0x68 src/lcd.o
 .debug_ranges  0x000005a0       0x48 src/main.o
 .debug_ranges  0x000005e8       0x40 src/serverApi.o
 .debug_ranges  0x00000628       0xa0 src/syscalls.o
 .debug_ranges  0x000006c8       0x28 src/system_stm32f10x.o
 .debug_ranges  0x000006f0       0x50 src/timer.o
 .debug_ranges  0x00000740       0x28 src/uart.o
 .debug_ranges  0x00000768       0x20 startup/startup_stm32.o

.debug_macro    0x00000000     0x3923
 .debug_macro   0x00000000      0x2a1 StdPeriph_Driver/src/stm32f10x_rcc.o
 .debug_macro   0x000002a1      0x3dc StdPeriph_Driver/src/stm32f10x_rcc.o
 .debug_macro   0x0000067d      0x1a1 StdPeriph_Driver/src/stm32f10x_tim.o
 .debug_macro   0x0000081e      0x70b StdPeriph_Driver/src/stm32f10x_tim.o
 .debug_macro   0x00000f29      0x23d StdPeriph_Driver/src/stm32f10x_usart.o
 .debug_macro   0x00001166      0x21a StdPeriph_Driver/src/stm32f10x_usart.o
 .debug_macro   0x00001380      0x19d src/ADC_Driver.o
 .debug_macro   0x0000151d       0x16 src/ADC_Driver.o
 .debug_macro   0x00001533       0x82 src/ADC_Driver.o
 .debug_macro   0x000015b5      0x18a src/lcd.o
 .debug_macro   0x0000173f       0x10 src/lcd.o
 .debug_macro   0x0000174f      0x34e src/main.o
 .debug_macro   0x00001a9d       0x16 src/main.o
 .debug_macro   0x00001ab3       0x5e src/main.o
 .debug_macro   0x00001b11       0x18 src/main.o
 .debug_macro   0x00001b29       0x35 src/main.o
 .debug_macro   0x00001b5e       0x34 src/main.o
 .debug_macro   0x00001b92      0x174 src/main.o
 .debug_macro   0x00001d06       0x58 src/main.o
 .debug_macro   0x00001d5e       0x1f src/main.o
 .debug_macro   0x00001d7d       0x43 src/main.o
 .debug_macro   0x00001dc0       0x20 src/main.o
 .debug_macro   0x00001de0      0x18e src/main.o
 .debug_macro   0x00001f6e      0x330 src/main.o
 .debug_macro   0x0000229e       0x10 src/main.o
 .debug_macro   0x000022ae       0x35 src/main.o
 .debug_macro   0x000022e3       0x22 src/main.o
 .debug_macro   0x00002305       0x1c src/main.o
 .debug_macro   0x00002321       0x10 src/main.o
 .debug_macro   0x00002331       0x10 src/main.o
 .debug_macro   0x00002341       0x1c src/main.o
 .debug_macro   0x0000235d       0x52 src/main.o
 .debug_macro   0x000023af       0x40 src/main.o
 .debug_macro   0x000023ef       0x10 src/main.o
 .debug_macro   0x000023ff       0x40 src/main.o
 .debug_macro   0x0000243f       0xd7 src/main.o
 .debug_macro   0x00002516       0x1c src/main.o
 .debug_macro   0x00002532       0x3d src/main.o
 .debug_macro   0x0000256f       0x16 src/main.o
 .debug_macro   0x00002585      0x16f src/main.o
 .debug_macro   0x000026f4       0x16 src/main.o
 .debug_macro   0x0000270a      0x26d src/serverApi.o
 .debug_macro   0x00002977       0x10 src/serverApi.o
 .debug_macro   0x00002987       0x28 src/serverApi.o
 .debug_macro   0x000029af       0x10 src/serverApi.o
 .debug_macro   0x000029bf      0x243 src/syscalls.o
 .debug_macro   0x00002c02       0x58 src/syscalls.o
 .debug_macro   0x00002c5a       0x94 src/syscalls.o
 .debug_macro   0x00002cee       0x57 src/syscalls.o
 .debug_macro   0x00002d45       0x10 src/syscalls.o
 .debug_macro   0x00002d55       0x10 src/syscalls.o
 .debug_macro   0x00002d65       0x10 src/syscalls.o
 .debug_macro   0x00002d75       0x35 src/syscalls.o
 .debug_macro   0x00002daa      0x122 src/syscalls.o
 .debug_macro   0x00002ecc       0x16 src/syscalls.o
 .debug_macro   0x00002ee2       0x16 src/syscalls.o
 .debug_macro   0x00002ef8       0x29 src/syscalls.o
 .debug_macro   0x00002f21       0x10 src/syscalls.o
 .debug_macro   0x00002f31      0x241 src/syscalls.o
 .debug_macro   0x00003172       0x10 src/syscalls.o
 .debug_macro   0x00003182      0x189 src/syscalls.o
 .debug_macro   0x0000330b       0x16 src/syscalls.o
 .debug_macro   0x00003321       0x88 src/syscalls.o
 .debug_macro   0x000033a9      0x188 src/system_stm32f10x.o
 .debug_macro   0x00003531      0x194 src/timer.o
 .debug_macro   0x000036c5      0x25e src/uart.o

.debug_line     0x00000000     0x549c
 .debug_line    0x00000000      0x83c StdPeriph_Driver/src/stm32f10x_rcc.o
 .debug_line    0x0000083c      0xec1 StdPeriph_Driver/src/stm32f10x_tim.o
 .debug_line    0x000016fd      0x80e StdPeriph_Driver/src/stm32f10x_usart.o
 .debug_line    0x00001f0b      0x693 src/ADC_Driver.o
 .debug_line    0x0000259e      0x663 src/lcd.o
 .debug_line    0x00002c01      0x861 src/main.o
 .debug_line    0x00003462      0x72c src/serverApi.o
 .debug_line    0x00003b8e      0x5df src/syscalls.o
 .debug_line    0x0000416d      0x5f5 src/system_stm32f10x.o
 .debug_line    0x00004762      0x639 src/timer.o
 .debug_line    0x00004d9b      0x685 src/uart.o
 .debug_line    0x00005420       0x7c startup/startup_stm32.o

.debug_str      0x00000000    0x54f22
 .debug_str     0x00000000    0x4dbdb StdPeriph_Driver/src/stm32f10x_rcc.o
                              0x4dd8a (size before relaxing)
 .debug_str     0x0004dbdb      0xc4c StdPeriph_Driver/src/stm32f10x_tim.o
                              0x4dea8 (size before relaxing)
 .debug_str     0x0004e827      0x7f0 StdPeriph_Driver/src/stm32f10x_usart.o
                              0x4dab4 (size before relaxing)
 .debug_str     0x0004f017      0x384 src/ADC_Driver.o
                              0x4d580 (size before relaxing)
 .debug_str     0x0004f39b      0x107 src/lcd.o
                              0x4d41f (size before relaxing)
 .debug_str     0x0004f4a2     0x423e src/main.o
                              0x518d4 (size before relaxing)
 .debug_str     0x000536e0      0x161 src/serverApi.o
                              0x503d3 (size before relaxing)
 .debug_str     0x00053841     0x11f5 src/syscalls.o
                               0x8569 (size before relaxing)
 .debug_str     0x00054a36       0xd4 src/system_stm32f10x.o
                              0x4d338 (size before relaxing)
 .debug_str     0x00054b0a      0x381 src/timer.o
                              0x4d71e (size before relaxing)
 .debug_str     0x00054e8b       0x6e src/uart.o
                              0x503b8 (size before relaxing)
 .debug_str     0x00054ef9       0x29 startup/startup_stm32.o
                                 0x4e (size before relaxing)

.comment        0x00000000       0x7f
 .comment       0x00000000       0x7f StdPeriph_Driver/src/stm32f10x_rcc.o
                                 0x80 (size before relaxing)
 .comment       0x0000007f       0x80 StdPeriph_Driver/src/stm32f10x_tim.o
 .comment       0x0000007f       0x80 StdPeriph_Driver/src/stm32f10x_usart.o
 .comment       0x0000007f       0x80 src/ADC_Driver.o
 .comment       0x0000007f       0x80 src/lcd.o
 .comment       0x0000007f       0x80 src/main.o
 .comment       0x0000007f       0x80 src/serverApi.o
 .comment       0x0000007f       0x80 src/syscalls.o
 .comment       0x0000007f       0x80 src/system_stm32f10x.o
 .comment       0x0000007f       0x80 src/timer.o
 .comment       0x0000007f       0x80 src/uart.o

.debug_frame    0x00000000     0x3044
 .debug_frame   0x00000000      0x4f4 StdPeriph_Driver/src/stm32f10x_rcc.o
 .debug_frame   0x000004f4      0xe2c StdPeriph_Driver/src/stm32f10x_tim.o
 .debug_frame   0x00001320      0x490 StdPeriph_Driver/src/stm32f10x_usart.o
 .debug_frame   0x000017b0      0x184 src/ADC_Driver.o
 .debug_frame   0x00001934      0x1bc src/lcd.o
 .debug_frame   0x00001af0      0x120 src/main.o
 .debug_frame   0x00001c10      0x10c src/serverApi.o
 .debug_frame   0x00001d1c      0x2d0 src/syscalls.o
 .debug_frame   0x00001fec       0x98 src/system_stm32f10x.o
 .debug_frame   0x00002084      0x128 src/timer.o
 .debug_frame   0x000021ac       0x9c src/uart.o
 .debug_frame   0x00002248       0xac c:/ac6/systemworkbench/plugins/fr.ac6.mcu.externaltools.arm-none.win32_1.17.0.201812190825/tools/compiler/bin/../lib/gcc/arm-none-eabi/7.3.1/thumb/v7-m\libgcc.a(_arm_addsubdf3.o)
 .debug_frame   0x000022f4       0x50 c:/ac6/systemworkbench/plugins/fr.ac6.mcu.externaltools.arm-none.win32_1.17.0.201812190825/tools/compiler/bin/../lib/gcc/arm-none-eabi/7.3.1/thumb/v7-m\libgcc.a(_arm_muldivdf3.o)
 .debug_frame   0x00002344       0x24 c:/ac6/systemworkbench/plugins/fr.ac6.mcu.externaltools.arm-none.win32_1.17.0.201812190825/tools/compiler/bin/../lib/gcc/arm-none-eabi/7.3.1/thumb/v7-m\libgcc.a(_arm_truncdfsf2.o)
 .debug_frame   0x00002368       0x4c c:/ac6/systemworkbench/plugins/fr.ac6.mcu.externaltools.arm-none.win32_1.17.0.201812190825/tools/compiler/bin/../lib/gcc/arm-none-eabi/7.3.1/thumb/v7-m\libgcc.a(_arm_addsubsf3.o)
 .debug_frame   0x000023b4       0x38 c:/ac6/systemworkbench/plugins/fr.ac6.mcu.externaltools.arm-none.win32_1.17.0.201812190825/tools/compiler/bin/../lib/gcc/arm-none-eabi/7.3.1/thumb/v7-m\libgcc.a(_arm_muldivsf3.o)
 .debug_frame   0x000023ec       0x20 c:/ac6/systemworkbench/plugins/fr.ac6.mcu.externaltools.arm-none.win32_1.17.0.201812190825/tools/compiler/bin/../lib/gcc/arm-none-eabi/7.3.1/../../../../arm-none-eabi/lib/thumb/v7-m\libc.a(lib_a-errno.o)
 .debug_frame   0x0000240c       0x2c c:/ac6/systemworkbench/plugins/fr.ac6.mcu.externaltools.arm-none.win32_1.17.0.201812190825/tools/compiler/bin/../lib/gcc/arm-none-eabi/7.3.1/../../../../arm-none-eabi/lib/thumb/v7-m\libc.a(lib_a-init.o)
 .debug_frame   0x00002438       0x38 c:/ac6/systemworkbench/plugins/fr.ac6.mcu.externaltools.arm-none.win32_1.17.0.201812190825/tools/compiler/bin/../lib/gcc/arm-none-eabi/7.3.1/../../../../arm-none-eabi/lib/thumb/v7-m\libc.a(lib_a-memset.o)
 .debug_frame   0x00002470       0x80 c:/ac6/systemworkbench/plugins/fr.ac6.mcu.externaltools.arm-none.win32_1.17.0.201812190825/tools/compiler/bin/../lib/gcc/arm-none-eabi/7.3.1/../../../../arm-none-eabi/lib/thumb/v7-m\libc.a(lib_a-sprintf.o)
 .debug_frame   0x000024f0       0x28 c:/ac6/systemworkbench/plugins/fr.ac6.mcu.externaltools.arm-none.win32_1.17.0.201812190825/tools/compiler/bin/../lib/gcc/arm-none-eabi/7.3.1/../../../../arm-none-eabi/lib/thumb/v7-m\libc.a(lib_a-strcat.o)
 .debug_frame   0x00002518       0x34 c:/ac6/systemworkbench/plugins/fr.ac6.mcu.externaltools.arm-none.win32_1.17.0.201812190825/tools/compiler/bin/../lib/gcc/arm-none-eabi/7.3.1/../../../../arm-none-eabi/lib/thumb/v7-m\libc.a(lib_a-strcmp.o)
 .debug_frame   0x0000254c       0x20 c:/ac6/systemworkbench/plugins/fr.ac6.mcu.externaltools.arm-none.win32_1.17.0.201812190825/tools/compiler/bin/../lib/gcc/arm-none-eabi/7.3.1/../../../../arm-none-eabi/lib/thumb/v7-m\libc.a(lib_a-strcpy.o)
 .debug_frame   0x0000256c       0x40 c:/ac6/systemworkbench/plugins/fr.ac6.mcu.externaltools.arm-none.win32_1.17.0.201812190825/tools/compiler/bin/../lib/gcc/arm-none-eabi/7.3.1/../../../../arm-none-eabi/lib/thumb/v7-m\libc.a(lib_a-svfprintf.o)
 .debug_frame   0x000025ac       0x5c c:/ac6/systemworkbench/plugins/fr.ac6.mcu.externaltools.arm-none.win32_1.17.0.201812190825/tools/compiler/bin/../lib/gcc/arm-none-eabi/7.3.1/../../../../arm-none-eabi/lib/thumb/v7-m\libc.a(lib_a-__call_atexit.o)
 .debug_frame   0x00002608       0x20 c:/ac6/systemworkbench/plugins/fr.ac6.mcu.externaltools.arm-none.win32_1.17.0.201812190825/tools/compiler/bin/../lib/gcc/arm-none-eabi/7.3.1/../../../../arm-none-eabi/lib/thumb/v7-m\libc.a(lib_a-atexit.o)
 .debug_frame   0x00002628       0x88 c:/ac6/systemworkbench/plugins/fr.ac6.mcu.externaltools.arm-none.win32_1.17.0.201812190825/tools/compiler/bin/../lib/gcc/arm-none-eabi/7.3.1/../../../../arm-none-eabi/lib/thumb/v7-m\libc.a(lib_a-dtoa.o)
 .debug_frame   0x000026b0       0x34 c:/ac6/systemworkbench/plugins/fr.ac6.mcu.externaltools.arm-none.win32_1.17.0.201812190825/tools/compiler/bin/../lib/gcc/arm-none-eabi/7.3.1/../../../../arm-none-eabi/lib/thumb/v7-m\libc.a(lib_a-fini.o)
 .debug_frame   0x000026e4       0x80 c:/ac6/systemworkbench/plugins/fr.ac6.mcu.externaltools.arm-none.win32_1.17.0.201812190825/tools/compiler/bin/../lib/gcc/arm-none-eabi/7.3.1/../../../../arm-none-eabi/lib/thumb/v7-m\libc.a(lib_a-freer.o)
 .debug_frame   0x00002764       0x40 c:/ac6/systemworkbench/plugins/fr.ac6.mcu.externaltools.arm-none.win32_1.17.0.201812190825/tools/compiler/bin/../lib/gcc/arm-none-eabi/7.3.1/../../../../arm-none-eabi/lib/thumb/v7-m\libc.a(lib_a-localeconv.o)
 .debug_frame   0x000027a4       0xb0 c:/ac6/systemworkbench/plugins/fr.ac6.mcu.externaltools.arm-none.win32_1.17.0.201812190825/tools/compiler/bin/../lib/gcc/arm-none-eabi/7.3.1/../../../../arm-none-eabi/lib/thumb/v7-m\libc.a(lib_a-lock.o)
 .debug_frame   0x00002854       0x4c c:/ac6/systemworkbench/plugins/fr.ac6.mcu.externaltools.arm-none.win32_1.17.0.201812190825/tools/compiler/bin/../lib/gcc/arm-none-eabi/7.3.1/../../../../arm-none-eabi/lib/thumb/v7-m\libc.a(lib_a-mallocr.o)
 .debug_frame   0x000028a0       0x34 c:/ac6/systemworkbench/plugins/fr.ac6.mcu.externaltools.arm-none.win32_1.17.0.201812190825/tools/compiler/bin/../lib/gcc/arm-none-eabi/7.3.1/../../../../arm-none-eabi/lib/thumb/v7-m\libc.a(lib_a-memchr-stub.o)
 .debug_frame   0x000028d4       0x30 c:/ac6/systemworkbench/plugins/fr.ac6.mcu.externaltools.arm-none.win32_1.17.0.201812190825/tools/compiler/bin/../lib/gcc/arm-none-eabi/7.3.1/../../../../arm-none-eabi/lib/thumb/v7-m\libc.a(lib_a-mlock.o)
 .debug_frame   0x00002904      0x264 c:/ac6/systemworkbench/plugins/fr.ac6.mcu.externaltools.arm-none.win32_1.17.0.201812190825/tools/compiler/bin/../lib/gcc/arm-none-eabi/7.3.1/../../../../arm-none-eabi/lib/thumb/v7-m\libc.a(lib_a-mprec.o)
 .debug_frame   0x00002b68       0x30 c:/ac6/systemworkbench/plugins/fr.ac6.mcu.externaltools.arm-none.win32_1.17.0.201812190825/tools/compiler/bin/../lib/gcc/arm-none-eabi/7.3.1/../../../../arm-none-eabi/lib/thumb/v7-m\libc.a(lib_a-s_frexp.o)
 .debug_frame   0x00002b98       0x2c c:/ac6/systemworkbench/plugins/fr.ac6.mcu.externaltools.arm-none.win32_1.17.0.201812190825/tools/compiler/bin/../lib/gcc/arm-none-eabi/7.3.1/../../../../arm-none-eabi/lib/thumb/v7-m\libc.a(lib_a-sbrkr.o)
 .debug_frame   0x00002bc4       0x20 c:/ac6/systemworkbench/plugins/fr.ac6.mcu.externaltools.arm-none.win32_1.17.0.201812190825/tools/compiler/bin/../lib/gcc/arm-none-eabi/7.3.1/../../../../arm-none-eabi/lib/thumb/v7-m\libc.a(lib_a-strlen-stub.o)
 .debug_frame   0x00002be4       0x34 c:/ac6/systemworkbench/plugins/fr.ac6.mcu.externaltools.arm-none.win32_1.17.0.201812190825/tools/compiler/bin/../lib/gcc/arm-none-eabi/7.3.1/../../../../arm-none-eabi/lib/thumb/v7-m\libc.a(lib_a-strncpy.o)
 .debug_frame   0x00002c18       0x74 c:/ac6/systemworkbench/plugins/fr.ac6.mcu.externaltools.arm-none.win32_1.17.0.201812190825/tools/compiler/bin/../lib/gcc/arm-none-eabi/7.3.1/../../../../arm-none-eabi/lib/thumb/v7-m\libc.a(lib_a-svfiprintf.o)
 .debug_frame   0x00002c8c       0x34 c:/ac6/systemworkbench/plugins/fr.ac6.mcu.externaltools.arm-none.win32_1.17.0.201812190825/tools/compiler/bin/../lib/gcc/arm-none-eabi/7.3.1/../../../../arm-none-eabi/lib/thumb/v7-m\libc.a(lib_a-__atexit.o)
 .debug_frame   0x00002cc0       0x28 c:/ac6/systemworkbench/plugins/fr.ac6.mcu.externaltools.arm-none.win32_1.17.0.201812190825/tools/compiler/bin/../lib/gcc/arm-none-eabi/7.3.1/../../../../arm-none-eabi/lib/thumb/v7-m\libc.a(lib_a-callocr.o)
 .debug_frame   0x00002ce8       0x6c c:/ac6/systemworkbench/plugins/fr.ac6.mcu.externaltools.arm-none.win32_1.17.0.201812190825/tools/compiler/bin/../lib/gcc/arm-none-eabi/7.3.1/../../../../arm-none-eabi/lib/thumb/v7-m\libc.a(lib_a-locale.o)
 .debug_frame   0x00002d54       0x4c c:/ac6/systemworkbench/plugins/fr.ac6.mcu.externaltools.arm-none.win32_1.17.0.201812190825/tools/compiler/bin/../lib/gcc/arm-none-eabi/7.3.1/../../../../arm-none-eabi/lib/thumb/v7-m\libc.a(lib_a-mbtowc_r.o)
 .debug_frame   0x00002da0       0x40 c:/ac6/systemworkbench/plugins/fr.ac6.mcu.externaltools.arm-none.win32_1.17.0.201812190825/tools/compiler/bin/../lib/gcc/arm-none-eabi/7.3.1/../../../../arm-none-eabi/lib/thumb/v7-m\libc.a(lib_a-memmove.o)
 .debug_frame   0x00002de0       0x58 c:/ac6/systemworkbench/plugins/fr.ac6.mcu.externaltools.arm-none.win32_1.17.0.201812190825/tools/compiler/bin/../lib/gcc/arm-none-eabi/7.3.1/../../../../arm-none-eabi/lib/thumb/v7-m\libc.a(lib_a-reallocr.o)
 .debug_frame   0x00002e38       0x68 c:/ac6/systemworkbench/plugins/fr.ac6.mcu.externaltools.arm-none.win32_1.17.0.201812190825/tools/compiler/bin/../lib/gcc/arm-none-eabi/7.3.1/../../../../arm-none-eabi/lib/thumb/v7-m\libc.a(lib_a-reent.o)
 .debug_frame   0x00002ea0       0x3c c:/ac6/systemworkbench/plugins/fr.ac6.mcu.externaltools.arm-none.win32_1.17.0.201812190825/tools/compiler/bin/../lib/gcc/arm-none-eabi/7.3.1/../../../../arm-none-eabi/lib/thumb/v7-m\libc.a(lib_a-wctomb_r.o)
 .debug_frame   0x00002edc       0xc4 c:/ac6/systemworkbench/plugins/fr.ac6.mcu.externaltools.arm-none.win32_1.17.0.201812190825/tools/compiler/bin/../lib/gcc/arm-none-eabi/7.3.1/thumb/v7-m\libgcc.a(_arm_cmpdf2.o)
 .debug_frame   0x00002fa0       0x20 c:/ac6/systemworkbench/plugins/fr.ac6.mcu.externaltools.arm-none.win32_1.17.0.201812190825/tools/compiler/bin/../lib/gcc/arm-none-eabi/7.3.1/thumb/v7-m\libgcc.a(_arm_unorddf2.o)
 .debug_frame   0x00002fc0       0x24 c:/ac6/systemworkbench/plugins/fr.ac6.mcu.externaltools.arm-none.win32_1.17.0.201812190825/tools/compiler/bin/../lib/gcc/arm-none-eabi/7.3.1/thumb/v7-m\libgcc.a(_arm_fixdfsi.o)
 .debug_frame   0x00002fe4       0x2c c:/ac6/systemworkbench/plugins/fr.ac6.mcu.externaltools.arm-none.win32_1.17.0.201812190825/tools/compiler/bin/../lib/gcc/arm-none-eabi/7.3.1/thumb/v7-m\libgcc.a(_aeabi_uldivmod.o)
 .debug_frame   0x00003010       0x34 c:/ac6/systemworkbench/plugins/fr.ac6.mcu.externaltools.arm-none.win32_1.17.0.201812190825/tools/compiler/bin/../lib/gcc/arm-none-eabi/7.3.1/thumb/v7-m\libgcc.a(_udivmoddi4.o)
